Archive member included because of file (symbol)

../nxtOSEK/ecrobot/../ecrobot/libecrobot.a(ecrobot_HiTechnic.o)
                              build/UI.o (ecrobot_get_gyro_sensor)
../nxtOSEK/ecrobot/../ecrobot/libecrobot.a(ecrobot_interface.o)
                              build/model_impl.o (ecrobot_set_light_sensor_active)
../nxtOSEK/ecrobot/../ecrobot/libecrobot.a(colorsensor.o)
                              ../nxtOSEK/ecrobot/../ecrobot/libecrobot.a(ecrobot_interface.o) (colorsensor_init)
../nxtOSEK/ecrobot/../ecrobot/libecrobot.a(osek_hook.o)
                              build/kernel/osctl.o (StartupHook)
../nxtOSEK/ecrobot/../ecrobot/libecrobot.a(uart.oram)
                              build/config/at91sam7s-gnu/irq.oram (uart_isr_C_0)
../nxtOSEK/ecrobot/../ecrobot/libecrobot.a(systick.oram)
                              build/syslib/at91sam7s-gnu/lego_nxt/hw_sys_timer.oram (systick_low_priority_C)
../nxtOSEK/ecrobot/../ecrobot/libecrobot.a(byte_fifo.oram)
                              ../nxtOSEK/ecrobot/../ecrobot/libecrobot.a(uart.oram) (byte_fifo_put)
../nxtOSEK/ecrobot/../ecrobot/libecrobot.a(aic.oram)
                              ../nxtOSEK/ecrobot/../ecrobot/libecrobot.a(uart.oram) (aic_set_vector)
../nxtOSEK/ecrobot/../ecrobot/libecrobot.a(udp.oram)
                              build/config/at91sam7s-gnu/irq.oram (udp_isr_C)
../nxtOSEK/ecrobot/../ecrobot/libecrobot.a(twi.oram)
                              build/config/at91sam7s-gnu/irq.oram (twi_isr_C)
../nxtOSEK/ecrobot/../ecrobot/libecrobot.a(nxt_spi.oram)
                              build/config/at91sam7s-gnu/irq.oram (spi_isr_C)
../nxtOSEK/ecrobot/../ecrobot/libecrobot.a(nxt_motors.oram)
                              build/Motor.o (nxt_motor_get_count)
../nxtOSEK/ecrobot/../ecrobot/libecrobot.a(data_abort.oram)
                              build/ecrobot_init.o (data_abort_C)
../nxtOSEK/ecrobot/../ecrobot/libecrobot.a(display.oram)
                              build/ecrobot_base.o (display_update)
../nxtOSEK/ecrobot/../ecrobot/libecrobot.a(i2c.oram)
                              build/config/at91sam7s-gnu/irq.oram (i2c_timer_isr_C)
../nxtOSEK/ecrobot/../ecrobot/libecrobot.a(sound.oram)
                              ../nxtOSEK/ecrobot/../ecrobot/libecrobot.a(ecrobot_interface.o) (sound_get_time)
../nxtOSEK/ecrobot/../ecrobot/libecrobot.a(bt.oram)
                              build/ecrobot_bluetooth.o (bt_send)
../nxtOSEK/ecrobot/../ecrobot/libecrobot.a(nxt_avr.oram)
                              build/ecrobot_base.o (nxt_avr_power_down)
../nxtOSEK/ecrobot/../ecrobot/libecrobot.a(sensors.oram)
                              ../nxtOSEK/ecrobot/../ecrobot/libecrobot.a(ecrobot_interface.o) (unset_digi0)
../nxtOSEK/ecrobot/../ecrobot/libecrobot.a(sensors1.oram)
                              ../nxtOSEK/ecrobot/../ecrobot/libecrobot.a(colorsensor.o) (sensor_pins)
../nxtOSEK/ecrobot/../ecrobot/libecrobot.a(nxt_lcd.oram)
                              ../nxtOSEK/ecrobot/../ecrobot/libecrobot.a(display.oram) (nxt_lcd_force_update)
../nxtOSEK/ecrobot/../ecrobot/libecrobot.a(flash_loader.oram)
                              build/ecrobot.o (set_flash_request)
../nxtOSEK/ecrobot/../ecrobot/libecrobot.a(interrupts.oram)
                              ../nxtOSEK/ecrobot/../ecrobot/libecrobot.a(uart.oram) (interrupts_get_and_disable)
../nxtOSEK/ecrobot/../ecrobot/libecrobot.a(nxtosek_splash.obmp)
                              build/ecrobot_base.o (nxtosek_splash_bmp_start)
../nxtOSEK/ecrobot/../ecrobot/libecrobot.a(ecrobot_usb.o)
                              ../nxtOSEK/ecrobot/../ecrobot/libecrobot.a(flash_loader.oram) (ecrobot_init_usb)
../nxtOSEK/ecrobot/../ecrobot/libecrobot.a(flashprog.oram)
                              ../nxtOSEK/ecrobot/../ecrobot/libecrobot.a(flash_loader.oram) (flash_write_page)
../nxtOSEK/ecrobot/../ecrobot/libnxtway_gs_balancer.a(balancer.o)
                              build/BalanceRunner.o (balance_control)
/cygdrive/C/cygwin/GNUARM/bin/../lib/gcc/arm-elf/4.0.2/thumb/interwork/libgcc.a(_udivsi3.o)
                              build/ecrobot_base.o (__udivsi3)
/cygdrive/C/cygwin/GNUARM/bin/../lib/gcc/arm-elf/4.0.2/thumb/interwork/libgcc.a(_divsi3.o)
                              build/Steps.o (__divsi3)
/cygdrive/C/cygwin/GNUARM/bin/../lib/gcc/arm-elf/4.0.2/thumb/interwork/libgcc.a(_umodsi3.o)
                              ../nxtOSEK/ecrobot/../ecrobot/libecrobot.a(display.oram) (__umodsi3)
/cygdrive/C/cygwin/GNUARM/bin/../lib/gcc/arm-elf/4.0.2/thumb/interwork/libgcc.a(_modsi3.o)
                              build/StepsIKB.o (__modsi3)
/cygdrive/C/cygwin/GNUARM/bin/../lib/gcc/arm-elf/4.0.2/thumb/interwork/libgcc.a(_dvmd_tls.o)
                              /cygdrive/C/cygwin/GNUARM/bin/../lib/gcc/arm-elf/4.0.2/thumb/interwork/libgcc.a(_udivsi3.o) (__div0)
/cygdrive/C/cygwin/GNUARM/bin/../lib/gcc/arm-elf/4.0.2/thumb/interwork/libgcc.a(_addsubdf3.o)
                              build/LineTracer.o (__adddf3)
[...]
Memory Configuration

Name             Origin             Length             Attributes
rom              0x00108000         0x00038000
vector_ram       0x00200000         0x00000040
ram              0x00200040         0x0000ffc0
*default*        0x00000000         0xffffffff

Linker script and memory map

LOAD build/kernel/alarm.o
LOAD build/kernel/event.o
LOAD build/kernel/interrupt.o
LOAD build/kernel/osctl.o
LOAD build/kernel/resource.o
LOAD build/kernel/task.o
LOAD build/kernel/task_manage.o
LOAD build/config/at91sam7s-gnu/cpu_config.o
LOAD build/config/at91sam7s-gnu/lego_nxt/sys_config.o
LOAD build/./kernel_cfg.o
LOAD build/syscalls.o
LOAD build/ecrobot_bluetooth.o
LOAD build/ecrobot_base.o
LOAD build/ecrobot.o
LOAD build/balancer_param.o
LOAD build/LineTracer.o
LOAD build/UI.o
LOAD build/ColorJudgement.o
LOAD build/BalanceRunner.o
LOAD build/TouchSensor.o
LOAD build/GyroSensor.o
LOAD build/LightSensor.o
LOAD build/Motor.o
LOAD build/model_impl.o
LOAD build/SeeSaw.o
LOAD build/Steps.o
LOAD build/GarageIn.o
LOAD build/StepsIKB.o
LOAD build/Basic.o
LOAD build/GrayDetector.o
LOAD build/syslib/at91sam7s-gnu/lego_nxt/hw_sys_timer.oram
LOAD build/nxtvm/platform/nxt/vectors.o
LOAD build/config/at91sam7s-gnu/debug.o
LOAD build/config/at91sam7s-gnu/lego_nxt/sys_support.o
LOAD build/nxt_binary_header.o
LOAD build/nxt_entry_point.o
LOAD build/ecrobot_init.o
LOAD build/config/at91sam7s-gnu/cpu_support.oram
LOAD build/config/at91sam7s-gnu/irq.oram
LOAD ../nxtOSEK/ecrobot/../c++/liblejososek.a
LOAD ../nxtOSEK/ecrobot/../ecrobot/libecrobot.a
LOAD ../nxtOSEK/ecrobot/../ecrobot/libnxtway_gs_balancer.a
LOAD /cygdrive/C/cygwin/GNUARM/bin/../lib/gcc/arm-elf/4.0.2/../../../../arm-elf/lib/thumb/interwork/libstdc++.a
LOAD /cygdrive/C/cygwin/GNUARM/bin/../lib/gcc/arm-elf/4.0.2/../../../../arm-elf/lib/thumb/interwork/libm.a
LOAD /cygdrive/C/cygwin/GNUARM/bin/../lib/gcc/arm-elf/4.0.2/thumb/interwork/libgcc.a
LOAD /cygdrive/C/cygwin/GNUARM/bin/../lib/gcc/arm-elf/4.0.2/../../../../arm-elf/lib/thumb/interwork/libc.a
LOAD /cygdrive/C/cygwin/GNUARM/bin/../lib/gcc/arm-elf/4.0.2/thumb/interwork/libgcc.a
                0x00108000                ROM_BASE = 0x108000
                0x00038000                ROM_SIZE = 0x38000
                0x00200000                RAM_BASE = 0x200000
                0x00010000                RAM_SIZE = 0x10000

.vectors        0x00200000       0x40 load address 0x00108000
 vectors.o(*.text *.text.*)
 .text          0x00200000       0x38 build/nxtvm/platform/nxt/vectors.o
                0x00200040                . = ALIGN (0x10)
 *fill*         0x00200038        0x8 00
                0x00200000                __vectors_ram_start__ = ADDR (.vectors)
                0x00200040                __vectors_ram_end__ = (ADDR (.vectors) + SIZEOF (.vectors))
                0x00108000                __vectors_load_start__ = LOADADDR (.vectors)
                0x00108040                __vectors_load_end__ = (LOADADDR (.vectors) + SIZEOF (.vectors))

.init           0x00108040      0x280
 *ecrobot_init.o(*.text *.text.*)
 .text          0x00108040      0x280 build/ecrobot_init.o
                0x001081ac                undef_handler
                0x001081b4                prefetch_abort_handler
                0x001081b8                data_abort_handler
                0x001081b0                swi_handler
                0x00108040                start
                0x001081d4                reserved_handler
                0x001082c0                . = ALIGN (0x10)

.ram_text       0x00200040     0x36e0 load address 0x001082c0
                0x00200040                . = ALIGN (0x10)
 *.oram(*.text *.text.* *.glue*)
 .text.systick_isr_C1
                0x00200040       0x28 build/syslib/at91sam7s-gnu/lego_nxt/hw_sys_timer.oram
                0x00200040                systick_isr_C1
 *fill*         0x00200068        0x8 00
 .text          0x00200070      0x230 build/config/at91sam7s-gnu/cpu_support.oram
                0x00200250                enable_int
                0x002000f0                start_dispatch
                0x002000b0                activate_r
                0x00200248                disable_int
                0x00200070                dispatch
                0x0020021c                int_return
                0x002001ac                _interrupt
                0x002000e0                exit_and_dispatch
                0x00200258                nop
 .text          0x002002a0      0x2c0 build/config/at91sam7s-gnu/irq.oram
                0x002002a0                default_isr
                0x0020042c                uart_isr_entry_0
                0x002003ac                twi_isr_entry
                0x0020046c                uart_isr_entry_1
                0x0020036c                spi_isr_entry
                0x002002ec                systick_low_priority_entry
                0x002004ac                nxt_motor_isr_entry
                0x002004ec                i2c_timer_isr_entry
                0x002002a0                default_fiq
                0x002002a4                systick_isr_entry
                0x002002a0                spurious_isr
                0x002003ec                sound_isr_entry
                0x0020032c                udp_isr_entry
 .text.uart_process_isr
                0x00200560       0x88 ../nxtOSEK/ecrobot/../ecrobot/libecrobot.a(uart.oram)
 .text.uart_isr_C_0
                0x002005e8        0xc ../nxtOSEK/ecrobot/../ecrobot/libecrobot.a(uart.oram)
                0x002005e8                uart_isr_C_0
 .text.uart_isr_C_1
                0x002005f4        0xc ../nxtOSEK/ecrobot/../ecrobot/libecrobot.a(uart.oram)
                0x002005f4                uart_isr_C_1
 .text.systick_low_priority_C
                0x00200600       0x1c ../nxtOSEK/ecrobot/../ecrobot/libecrobot.a(systick.oram)
                0x00200600                systick_low_priority_C
 .text.systick_isr_C
                0x0020061c       0x24 ../nxtOSEK/ecrobot/../ecrobot/libecrobot.a(systick.oram)
                0x0020061c                systick_isr_C
 .text.systick_get_ms
                0x00200640        0xc ../nxtOSEK/ecrobot/../ecrobot/libecrobot.a(systick.oram)
                0x00200640                systick_get_ms
 .text.systick_wait_ms
                0x0020064c       0x1c ../nxtOSEK/ecrobot/../ecrobot/libecrobot.a(systick.oram)
                0x0020064c                systick_wait_ms
 .text.systick_wait_ns
                0x00200668       0x1c ../nxtOSEK/ecrobot/../ecrobot/libecrobot.a(systick.oram)
                0x00200668                systick_wait_ns
 .text.systick_init
                0x00200684       0x58 ../nxtOSEK/ecrobot/../ecrobot/libecrobot.a(systick.oram)
                0x00200684                systick_init
 .text.systick_suspend
                0x002006dc        0xc ../nxtOSEK/ecrobot/../ecrobot/libecrobot.a(systick.oram)
                0x002006dc                systick_suspend
 .text.systick_resume
                0x002006e8        0xc ../nxtOSEK/ecrobot/../ecrobot/libecrobot.a(systick.oram)
                0x002006e8                systick_resume
 .text.byte_fifo_put
                0x002006f4       0x58 ../nxtOSEK/ecrobot/../ecrobot/libecrobot.a(byte_fifo.oram)
                0x002006f4                byte_fifo_put
 .text.byte_fifo_get
                0x0020074c       0x2c ../nxtOSEK/ecrobot/../ecrobot/libecrobot.a(byte_fifo.oram)
                0x0020074c                byte_fifo_get
 .text.aic_initialise
                0x00200778       0x5c ../nxtOSEK/ecrobot/../ecrobot/libecrobot.a(aic.oram)
                0x00200778                aic_initialise
 .text.aic_set_vector
                0x002007d4       0x30 ../nxtOSEK/ecrobot/../ecrobot/libecrobot.a(aic.oram)
                0x002007d4                aic_set_vector
 .text.aic_mask_on
                0x00200804       0x24 ../nxtOSEK/ecrobot/../ecrobot/libecrobot.a(aic.oram)
                0x00200804                aic_mask_on
 .text.aic_mask_off
                0x00200828       0x24 ../nxtOSEK/ecrobot/../ecrobot/libecrobot.a(aic.oram)
                0x00200828                aic_mask_off
 .text.aic_clear
                0x0020084c       0x24 ../nxtOSEK/ecrobot/../ecrobot/libecrobot.a(aic.oram)
                0x0020084c                aic_clear
 .text.reset    0x00200870       0x4c ../nxtOSEK/ecrobot/../ecrobot/libecrobot.a(udp.oram)
 .text.udp_send_null
                0x002008bc       0x2c ../nxtOSEK/ecrobot/../ecrobot/libecrobot.a(udp.oram)
 .text.udp_send_stall
                0x002008e8       0x2c ../nxtOSEK/ecrobot/../ecrobot/libecrobot.a(udp.oram)
 .text.udp_send_control
                0x00200914       0x60 ../nxtOSEK/ecrobot/../ecrobot/libecrobot.a(udp.oram)
 .text.udp_isr_C
                0x00200974      0x7d0 ../nxtOSEK/ecrobot/../ecrobot/libecrobot.a(udp.oram)
                0x00200974                udp_isr_C
 .text.twi_status
                0x00201144       0x20 ../nxtOSEK/ecrobot/../ecrobot/libecrobot.a(twi.oram)
                0x00201144                twi_status
 .text.twi_isr_C
                0x00201164       0xc4 ../nxtOSEK/ecrobot/../ecrobot/libecrobot.a(twi.oram)
                0x00201164                twi_isr_C
 .text.twi_reset
                0x00201228       0xb4 ../nxtOSEK/ecrobot/../ecrobot/libecrobot.a(twi.oram)
                0x00201228                twi_reset
 .text.twi_init
                0x002012dc       0x4c ../nxtOSEK/ecrobot/../ecrobot/libecrobot.a(twi.oram)
                0x002012dc                twi_init
 .text.twi_start_read
                0x00201328       0x60 ../nxtOSEK/ecrobot/../ecrobot/libecrobot.a(twi.oram)
                0x00201328                twi_start_read
 .text.twi_start_write
                0x00201388       0x64 ../nxtOSEK/ecrobot/../ecrobot/libecrobot.a(twi.oram)
                0x00201388                twi_start_write
 .text.spi_set_mode
                0x002013ec       0x40 ../nxtOSEK/ecrobot/../ecrobot/libecrobot.a(nxt_spi.oram)
 .text.spi_isr_C
                0x0020142c       0x8c ../nxtOSEK/ecrobot/../ecrobot/libecrobot.a(nxt_spi.oram)
                0x0020142c                spi_isr_C
 .text.nxt_spi_init
                0x002014b8      0x12c ../nxtOSEK/ecrobot/../ecrobot/libecrobot.a(nxt_spi.oram)
                0x002014b8                nxt_spi_init
 .text.nxt_spi_write
                0x002015e4       0x44 ../nxtOSEK/ecrobot/../ecrobot/libecrobot.a(nxt_spi.oram)
                0x002015e4                nxt_spi_write
 .text.nxt_spi_set_display
                0x00201628       0x10 ../nxtOSEK/ecrobot/../ecrobot/libecrobot.a(nxt_spi.oram)
                0x00201628                nxt_spi_set_display
 .text.nxt_spi_refresh
                0x00201638       0x24 ../nxtOSEK/ecrobot/../ecrobot/libecrobot.a(nxt_spi.oram)
                0x00201638                nxt_spi_refresh
 .text.nxt_motor_get_count
                0x0020165c       0x14 ../nxtOSEK/ecrobot/../ecrobot/libecrobot.a(nxt_motors.oram)
                0x0020165c                nxt_motor_get_count
 .text.nxt_motor_set_count
                0x00201670       0x10 ../nxtOSEK/ecrobot/../ecrobot/libecrobot.a(nxt_motors.oram)
                0x00201670                nxt_motor_set_count
 .text.nxt_motor_set_speed
                0x00201680       0x34 ../nxtOSEK/ecrobot/../ecrobot/libecrobot.a(nxt_motors.oram)
                0x00201680                nxt_motor_set_speed
 .text.nxt_motor_1kHz_process
                0x002016b4       0x28 ../nxtOSEK/ecrobot/../ecrobot/libecrobot.a(nxt_motors.oram)
                0x002016b4                nxt_motor_1kHz_process
 .text.nxt_motor_quad_decode
                0x002016dc       0x30 ../nxtOSEK/ecrobot/../ecrobot/libecrobot.a(nxt_motors.oram)
                0x002016dc                nxt_motor_quad_decode
 .text.nxt_motor_isr_C
                0x0020170c       0x88 ../nxtOSEK/ecrobot/../ecrobot/libecrobot.a(nxt_motors.oram)
                0x0020170c                nxt_motor_isr_C
 .text.nxt_motor_init
                0x00201794       0x68 ../nxtOSEK/ecrobot/../ecrobot/libecrobot.a(nxt_motors.oram)
                0x00201794                nxt_motor_init
 .text.data_abort_C
                0x002017fc       0x7c ../nxtOSEK/ecrobot/../ecrobot/libecrobot.a(data_abort.oram)
                0x002017fc                data_abort_C
 .text.display_update
                0x00201878       0x14 ../nxtOSEK/ecrobot/../ecrobot/libecrobot.a(display.oram)
                0x00201878                display_update
 .text.display_force_update
                0x0020188c        0xc ../nxtOSEK/ecrobot/../ecrobot/libecrobot.a(display.oram)
                0x0020188c                display_force_update
 .text.display_clear
                0x00201898       0x24 ../nxtOSEK/ecrobot/../ecrobot/libecrobot.a(display.oram)
                0x00201898                display_clear
 .text.display_goto_xy
                0x002018bc       0x14 ../nxtOSEK/ecrobot/../ecrobot/libecrobot.a(display.oram)
                0x002018bc                display_goto_xy
 .text.display_char
                0x002018d0       0x60 ../nxtOSEK/ecrobot/../ecrobot/libecrobot.a(display.oram)
                0x002018d0                display_char
 .text.display_string
                0x00201930       0x3c ../nxtOSEK/ecrobot/../ecrobot/libecrobot.a(display.oram)
                0x00201930                display_string
 .text.display_hex
                0x0020196c       0x50 ../nxtOSEK/ecrobot/../ecrobot/libecrobot.a(display.oram)
                0x0020196c                display_hex
 .text.display_unsigned_worker
                0x002019bc       0x70 ../nxtOSEK/ecrobot/../ecrobot/libecrobot.a(display.oram)
 .text.display_unsigned
                0x00201a2c        0xc ../nxtOSEK/ecrobot/../ecrobot/libecrobot.a(display.oram)
                0x00201a2c                display_unsigned
 .text.display_int
                0x00201a38       0x14 ../nxtOSEK/ecrobot/../ecrobot/libecrobot.a(display.oram)
                0x00201a38                display_int
 .text.display_bitmap_copy
                0x00201a4c       0x5c ../nxtOSEK/ecrobot/../ecrobot/libecrobot.a(display.oram)
                0x00201a4c                display_bitmap_copy
 .text.display_init
                0x00201aa8       0x50 ../nxtOSEK/ecrobot/../ecrobot/libecrobot.a(display.oram)
                0x00201aa8                display_init
 .text.i2c_timer_isr_C
                0x00201af8      0x314 ../nxtOSEK/ecrobot/../ecrobot/libecrobot.a(i2c.oram)
                0x00201af8                i2c_timer_isr_C
 .text.i2c_disable
                0x00201e0c       0x20 ../nxtOSEK/ecrobot/../ecrobot/libecrobot.a(i2c.oram)
                0x00201e0c                i2c_disable
 .text.i2c_init
                0x00201e2c       0xa4 ../nxtOSEK/ecrobot/../ecrobot/libecrobot.a(i2c.oram)
                0x00201e2c                i2c_init
 .text.set_vol  0x00201ed0       0xa4 ../nxtOSEK/ecrobot/../ecrobot/libecrobot.a(sound.oram)
 .text.sound_fill_sample_buffer
                0x00201f74       0xe4 ../nxtOSEK/ecrobot/../ecrobot/libecrobot.a(sound.oram)
                0x00201f74                sound_fill_sample_buffer
 .text.sound_freq_vol
                0x00202058      0x1e4 ../nxtOSEK/ecrobot/../ecrobot/libecrobot.a(sound.oram)
                0x00202058                sound_freq_vol
 .text.sound_init
                0x0020223c       0xa0 ../nxtOSEK/ecrobot/../ecrobot/libecrobot.a(sound.oram)
                0x0020223c                sound_init
 .text.sound_isr_C
                0x002022dc      0x144 ../nxtOSEK/ecrobot/../ecrobot/libecrobot.a(sound.oram)
                0x002022dc                sound_isr_C
 .text.bt_init  0x00202420      0x1c0 ../nxtOSEK/ecrobot/../ecrobot/libecrobot.a(bt.oram)
                0x00202420                bt_init
 .text.bt_send  0x002025e0       0x5c ../nxtOSEK/ecrobot/../ecrobot/libecrobot.a(bt.oram)
                0x002025e0                bt_send
 .text.bt_write
                0x0020263c       0x70 ../nxtOSEK/ecrobot/../ecrobot/libecrobot.a(bt.oram)
                0x0020263c                bt_write
 .text.bt_pending
                0x002026ac       0x50 ../nxtOSEK/ecrobot/../ecrobot/libecrobot.a(bt.oram)
                0x002026ac                bt_pending
 .text.bt_clear_arm7_cmd
                0x002026fc       0x10 ../nxtOSEK/ecrobot/../ecrobot/libecrobot.a(bt.oram)
                0x002026fc                bt_clear_arm7_cmd
 .text.bt_set_arm7_cmd
                0x0020270c       0x10 ../nxtOSEK/ecrobot/../ecrobot/libecrobot.a(bt.oram)
                0x0020270c                bt_set_arm7_cmd
 .text.bt_receive
                0x0020271c      0x160 ../nxtOSEK/ecrobot/../ecrobot/libecrobot.a(bt.oram)
                0x0020271c                bt_receive
 .text.bt_read  0x0020287c      0x140 ../nxtOSEK/ecrobot/../ecrobot/libecrobot.a(bt.oram)
                0x0020287c                bt_read
 .text.bt_reset
                0x002029bc       0x84 ../nxtOSEK/ecrobot/../ecrobot/libecrobot.a(bt.oram)
                0x002029bc                bt_reset
 .text.nxt_avr_power_down
                0x00202a40       0x10 ../nxtOSEK/ecrobot/../ecrobot/libecrobot.a(nxt_avr.oram)
                0x00202a40                nxt_avr_power_down
 .text.nxt_avr_link_init
                0x00202a50       0x20 ../nxtOSEK/ecrobot/../ecrobot/libecrobot.a(nxt_avr.oram)
                0x00202a50                nxt_avr_link_init
 .text.nxt_avr_init
                0x00202a70       0x6c ../nxtOSEK/ecrobot/../ecrobot/libecrobot.a(nxt_avr.oram)
                0x00202a70                nxt_avr_init
 .text.nxt_avr_1kHz_update
                0x00202adc      0x1cc ../nxtOSEK/ecrobot/../ecrobot/libecrobot.a(nxt_avr.oram)
                0x00202adc                nxt_avr_1kHz_update
 .text.buttons_get
                0x00202ca8        0xc ../nxtOSEK/ecrobot/../ecrobot/libecrobot.a(nxt_avr.oram)
                0x00202ca8                buttons_get
 .text.battery_voltage
                0x00202cb4       0x28 ../nxtOSEK/ecrobot/../ecrobot/libecrobot.a(nxt_avr.oram)
                0x00202cb4                battery_voltage
 .text.sensor_adc
                0x00202cdc       0x20 ../nxtOSEK/ecrobot/../ecrobot/libecrobot.a(nxt_avr.oram)
                0x00202cdc                sensor_adc
 .text.nxt_avr_set_motor
                0x00202cfc       0x34 ../nxtOSEK/ecrobot/../ecrobot/libecrobot.a(nxt_avr.oram)
                0x00202cfc                nxt_avr_set_motor
 .text.nxt_avr_set_input_power
                0x00202d30       0x3c ../nxtOSEK/ecrobot/../ecrobot/libecrobot.a(nxt_avr.oram)
                0x00202d30                nxt_avr_set_input_power
 .text.unset_digi0
                0x00202d6c       0x44 ../nxtOSEK/ecrobot/../ecrobot/libecrobot.a(sensors.oram)
                0x00202d6c                unset_digi0
 .text.unset_digi1
                0x00202db0       0x44 ../nxtOSEK/ecrobot/../ecrobot/libecrobot.a(sensors.oram)
                0x00202db0                unset_digi1
 .text.init_sensors
                0x00202df4       0x4c ../nxtOSEK/ecrobot/../ecrobot/libecrobot.a(sensors.oram)
                0x00202df4                init_sensors
 .text.set_digi0
                0x00202e40       0x44 ../nxtOSEK/ecrobot/../ecrobot/libecrobot.a(sensors.oram)
                0x00202e40                set_digi0
 .text.nxt_lcd_command
                0x00202e84       0x18 ../nxtOSEK/ecrobot/../ecrobot/libecrobot.a(nxt_lcd.oram)
                0x00202e84                nxt_lcd_command
 .text.nxt_lcd_set_col
                0x00202e9c       0x24 ../nxtOSEK/ecrobot/../ecrobot/libecrobot.a(nxt_lcd.oram)
                0x00202e9c                nxt_lcd_set_col
 .text.nxt_lcd_set_multiplex_rate
                0x00202ec0       0x18 ../nxtOSEK/ecrobot/../ecrobot/libecrobot.a(nxt_lcd.oram)
                0x00202ec0                nxt_lcd_set_multiplex_rate
 .text.nxt_lcd_set_page_address
                0x00202ed8       0x18 ../nxtOSEK/ecrobot/../ecrobot/libecrobot.a(nxt_lcd.oram)
                0x00202ed8                nxt_lcd_set_page_address
 .text.nxt_lcd_set_pot
                0x00202ef0       0x1c ../nxtOSEK/ecrobot/../ecrobot/libecrobot.a(nxt_lcd.oram)
                0x00202ef0                nxt_lcd_set_pot
 .text.nxt_lcd_set_ram_address_control
                0x00202f0c       0x18 ../nxtOSEK/ecrobot/../ecrobot/libecrobot.a(nxt_lcd.oram)
                0x00202f0c                nxt_lcd_set_ram_address_control
 .text.nxt_lcd_enable
                0x00202f24       0x14 ../nxtOSEK/ecrobot/../ecrobot/libecrobot.a(nxt_lcd.oram)
                0x00202f24                nxt_lcd_enable
 .text.nxt_lcd_set_map_control
                0x00202f38       0x18 ../nxtOSEK/ecrobot/../ecrobot/libecrobot.a(nxt_lcd.oram)
                0x00202f38                nxt_lcd_set_map_control
 .text.nxt_lcd_reset
                0x00202f50        0xc ../nxtOSEK/ecrobot/../ecrobot/libecrobot.a(nxt_lcd.oram)
                0x00202f50                nxt_lcd_reset
 .text.nxt_lcd_set_bias_ratio
                0x00202f5c       0x18 ../nxtOSEK/ecrobot/../ecrobot/libecrobot.a(nxt_lcd.oram)
                0x00202f5c                nxt_lcd_set_bias_ratio
 .text.nxt_lcd_force_update
                0x00202f74       0x30 ../nxtOSEK/ecrobot/../ecrobot/libecrobot.a(nxt_lcd.oram)
                0x00202f74                nxt_lcd_force_update
 .text.nxt_lcd_update
                0x00202fa4        0xc ../nxtOSEK/ecrobot/../ecrobot/libecrobot.a(nxt_lcd.oram)
                0x00202fa4                nxt_lcd_update
 .text.nxt_lcd_power_up
                0x00202fb0       0x48 ../nxtOSEK/ecrobot/../ecrobot/libecrobot.a(nxt_lcd.oram)
                0x00202fb0                nxt_lcd_power_up
 .text.nxt_lcd_power_down
                0x00202ff8        0xc ../nxtOSEK/ecrobot/../ecrobot/libecrobot.a(nxt_lcd.oram)
                0x00202ff8                nxt_lcd_power_down
 .text.nxt_lcd_init
                0x00203004       0x18 ../nxtOSEK/ecrobot/../ecrobot/libecrobot.a(nxt_lcd.oram)
                0x00203004                nxt_lcd_init
 .text.verify_flash_page
                0x0020301c       0x34 ../nxtOSEK/ecrobot/../ecrobot/libecrobot.a(flash_loader.oram)
 .text.set_flash_request
                0x00203050       0x38 ../nxtOSEK/ecrobot/../ecrobot/libecrobot.a(flash_loader.oram)
                0x00203050                set_flash_request
 .text.nxt_device_init
                0x00203088       0x38 ../nxtOSEK/ecrobot/../ecrobot/libecrobot.a(flash_loader.oram)
                0x00203088                nxt_device_init
 .text          0x002030c0       0x68 ../nxtOSEK/ecrobot/../ecrobot/libecrobot.a(interrupts.oram)
                0x00203118                fiq_enable
                0x002030c0                interrupts_get_and_disable
                0x002030f4                fiq_get_and_disable
                0x002030e4                interrupts_enable
 .text.flash_write_page
                0x00203128       0xc0 ../nxtOSEK/ecrobot/../ecrobot/libecrobot.a(flashprog.oram)
                0x00203128                flash_write_page
                0x002031f0                . = ALIGN (0x10)
 *fill*         0x002031e8        0x8 00
 *.oram(*.rodata *.rodata.*)
 .rodata.ld     0x002031f0        0x4 ../nxtOSEK/ecrobot/../ecrobot/libecrobot.a(udp.oram)
 .rodata.cfd    0x002031f4       0x20 ../nxtOSEK/ecrobot/../ecrobot/libecrobot.a(udp.oram)
 .rodata.dd     0x00203214       0x12 ../nxtOSEK/ecrobot/../ecrobot/libecrobot.a(udp.oram)
 *fill*         0x00203226        0x2 00
 .rodata.str1.4
                0x00203228       0x22 ../nxtOSEK/ecrobot/../ecrobot/libecrobot.a(data_abort.oram)
                                 0x24 (size before relaxing)
 .rodata.font   0x0020324a      0x280 ../nxtOSEK/ecrobot/../ecrobot/libecrobot.a(display.oram)
 *fill*         0x002034ca        0x2 00
 .rodata.str1.4
                0x002034cc       0x76 ../nxtOSEK/ecrobot/../ecrobot/libecrobot.a(display.oram)
                                 0x78 (size before relaxing)
 *fill*         0x00203542        0x2 00
 .rodata.i2c_pin
                0x00203544       0x20 ../nxtOSEK/ecrobot/../ecrobot/libecrobot.a(i2c.oram)
 .rodata.i2c_timer_isr_C
                0x00203564       0x38 ../nxtOSEK/ecrobot/../ecrobot/libecrobot.a(i2c.oram)
 .rodata.logvol
                0x0020359c        0xc ../nxtOSEK/ecrobot/../ecrobot/libecrobot.a(sound.oram)
                0x0020359c                logvol
 .rodata.silence
                0x002035a8       0x40 ../nxtOSEK/ecrobot/../ecrobot/libecrobot.a(sound.oram)
                0x002035a8                silence
 .rodata.sine   0x002035e8       0x10 ../nxtOSEK/ecrobot/../ecrobot/libecrobot.a(sound.oram)
                0x002035e8                sine
 .rodata.sample_pattern
                0x002035f8       0x84 ../nxtOSEK/ecrobot/../ecrobot/libecrobot.a(sound.oram)
                0x002035f8                sample_pattern
 .rodata        0x0020367c        0xc ../nxtOSEK/ecrobot/../ecrobot/libecrobot.a(sound.oram)
 .rodata.avr_brainwash_string
                0x00203688       0x30 ../nxtOSEK/ecrobot/../ecrobot/libecrobot.a(nxt_avr.oram)
                0x00203688                avr_brainwash_string
 .rodata.nxt_avr_1kHz_update
                0x002036b8       0x14 ../nxtOSEK/ecrobot/../ecrobot/libecrobot.a(nxt_avr.oram)
 .rodata.C.33.1823
                0x002036cc       0x10 ../nxtOSEK/ecrobot/../ecrobot/libecrobot.a(sensors.oram)
 .rodata.C.37.1857
                0x002036dc       0x10 ../nxtOSEK/ecrobot/../ecrobot/libecrobot.a(sensors.oram)
 .rodata.C.31.1806
                0x002036ec       0x10 ../nxtOSEK/ecrobot/../ecrobot/libecrobot.a(sensors.oram)
 .rodata.str1.4
                0x002036fc       0x23 ../nxtOSEK/ecrobot/../ecrobot/libecrobot.a(flash_loader.oram)
                                 0x24 (size before relaxing)
                0x00203720                . = ALIGN (0x10)
 *fill*         0x0020371f        0x1 00
                0x00200040                __ramtext_ram_start__ = ADDR (.ram_text)
                0x00203720                __ramtext_ram_end__ = (ADDR (.ram_text) + SIZEOF (.ram_text))
                0x001082c0                __ramtext_load_start__ = LOADADDR (.ram_text)
                0x0010b9a0                __ramtext_load_end__ = (__ramtext_load_start__ + SIZEOF (.ram_text))

.wav_data       0x0010b9a0        0x0
 *.owav(*.data *.data.*)
                0x0010b9a0                . = ALIGN (0x10)

.bmp_data       0x0010b9a0      0x440
 *.obmp(*.data *.data.*)
 .data          0x0010b9a0      0x43e ../nxtOSEK/ecrobot/../ecrobot/libecrobot.a(nxtosek_splash.obmp)
                0x0010b9a0                nxtosek_splash_bmp_start
                0x0010bdde                nxtosek_splash_bmp_end
                0x0010bde0                . = ALIGN (0x10)
 *fill*         0x0010bdde        0x2 00

.spr_data       0x0010bde0        0x0
 *.ospr(*.data *.data.*)
                0x0010bde0                . = ALIGN (0x10)

.data           0x00203720       0x80 load address 0x0010bde0
 *(*.data *.data.*)
 .data.bt_status
                0x00203720        0x1 build/ecrobot_bluetooth.o
 *fill*         0x00203721        0x3 00
 .data.K_THETADOT
                0x00203724        0x4 build/balancer_param.o
                0x00203724                K_THETADOT
 .data.K_PHIDOT
                0x00203728        0x4 build/balancer_param.o
                0x00203728                K_PHIDOT
 .data.K_I      0x0020372c        0x4 build/balancer_param.o
                0x0020372c                K_I
 .data.K_F      0x00203730       0x10 build/balancer_param.o
                0x00203730                K_F
 .data.A_R      0x00203740        0x4 build/balancer_param.o
                0x00203740                A_R
 .data.A_D      0x00203744        0x4 build/balancer_param.o
                0x00203744                A_D
 .data.deviceStatus
                0x00203748        0x1 ../nxtOSEK/ecrobot/../ecrobot/libecrobot.a(ecrobot_interface.o)
 .data.named    0x00203749       0x22 ../nxtOSEK/ecrobot/../ecrobot/libecrobot.a(udp.oram)
 .data.snd      0x0020376b       0x1a ../nxtOSEK/ecrobot/../ecrobot/libecrobot.a(udp.oram)
 *fill*         0x00203785        0x3 00
 .data.configured
                0x00203788        0x4 ../nxtOSEK/ecrobot/../ecrobot/libecrobot.a(udp.oram)
 .data.mode     0x0020378c        0x1 ../nxtOSEK/ecrobot/../ecrobot/libecrobot.a(nxt_spi.oram)
                0x0020378c                mode
 *fill*         0x0020378d        0x3 00
 .bss.data      0x00203790        0x4 ../nxtOSEK/ecrobot/../ecrobot/libecrobot.a(nxt_spi.oram)
                0x00203790                data
 .data.display_auto_update
                0x00203794        0x4 ../nxtOSEK/ecrobot/../ecrobot/libecrobot.a(display.oram)
                0x00203794                display_auto_update
 .data.display_buffer
                0x00203798        0x4 ../nxtOSEK/ecrobot/../ecrobot/libecrobot.a(display.oram)
                0x002037a0                . = ALIGN (0x10)
 *fill*         0x0020379c        0x4 00
                0x00203720                __data_ram_start__ = ADDR (.data)
                0x002037a0                __data_ram_end__ = (ADDR (.data) + SIZEOF (.data))
                0x0010bde0                __data_load_start__ = LOADADDR (.data)
                0x0010be60                __data_load_end__ = (__data_load_start__ + SIZEOF (.data))

.text           0x0010be60     0x3050
                0x0010be60                . = ALIGN (0x10)
 *(*.text *.text.* *.glue*)
 .text.StartOS  0x0010be60       0x58 build/kernel/osctl.o
                0x0010be60                StartOS
 .text.call_pretaskhook
                0x0010beb8       0x24 build/kernel/osctl.o
                0x0010beb8                call_pretaskhook
 .text.call_posttaskhook
                0x0010bedc       0x24 build/kernel/osctl.o
                0x0010bedc                call_posttaskhook
 .text.make_runnable
                0x0010bf00       0xac build/kernel/task.o
                0x0010bf00                make_runnable
 .text.make_active
                0x0010bfac       0x78 build/kernel/task.o
                0x0010bfac                make_active
 .text.task_initialize
                0x0010c024       0x90 build/kernel/task.o
                0x0010c024                task_initialize
 .text.cpu_initialize
                0x0010c0b4        0x4 build/config/at91sam7s-gnu/cpu_config.o
                0x0010c0b4                cpu_initialize
 .text.sys_initialize
                0x0010c0b8        0x4 build/config/at91sam7s-gnu/lego_nxt/sys_config.o
                0x0010c0b8                sys_initialize
 .text.object_initialize
                0x0010c0bc        0xc build/./kernel_cfg.o
                0x0010c0bc                object_initialize
 .text.ecrobot_get_bt_status
                0x0010c0c8       0x10 build/ecrobot_bluetooth.o
                0x0010c0c8                ecrobot_get_bt_status
 .text.close_bt_stream
                0x0010c0d8       0x2c build/ecrobot_bluetooth.o
 .text.ecrobot_send_bt
                0x0010c104       0x40 build/ecrobot_bluetooth.o
                0x0010c104                ecrobot_send_bt
 .text.ecrobot_read_bt
                0x0010c144       0x24 build/ecrobot_bluetooth.o
                0x0010c144                ecrobot_read_bt
 .text.send_bt_command
                0x0010c168       0x40 build/ecrobot_bluetooth.o
 .text.ecrobot_term_bt_connection
                0x0010c1a8       0x48 build/ecrobot_bluetooth.o
                0x0010c1a8                ecrobot_term_bt_connection
 .text.ecrobot_set_bt_device_name
                0x0010c1f0       0x4c build/ecrobot_bluetooth.o
                0x0010c1f0                ecrobot_set_bt_device_name
 .text.read_bt_command
                0x0010c23c       0x5c build/ecrobot_bluetooth.o
 .text.open_bt_stream
                0x0010c298       0x50 build/ecrobot_bluetooth.o
 .text.ecrobot_get_bt_device_address
                0x0010c2e8       0x6c build/ecrobot_bluetooth.o
                0x0010c2e8                ecrobot_get_bt_device_address
 .text.ecrobot_init_bt_slave
                0x0010c354      0x12c build/ecrobot_bluetooth.o
                0x0010c354                ecrobot_init_bt_slave
 .text.init_OS_flag
                0x0010c480        0xc build/ecrobot_base.o
                0x0010c480                init_OS_flag
 .text.set_OS_flag
                0x0010c48c        0xc build/ecrobot_base.o
                0x0010c48c                set_OS_flag
 .text.get_OS_flag
                0x0010c498        0xc build/ecrobot_base.o
                0x0010c498                get_OS_flag
 .text.cpp_constructor
                0x0010c4a4       0x28 build/ecrobot_base.o
                0x0010c4a4                cpp_constructor
 .text.cpp_destructor
                0x0010c4cc       0x28 build/ecrobot_base.o
                0x0010c4cc                cpp_destructor
 .text.execution_mode
                0x0010c4f4       0x24 build/ecrobot_base.o
                0x0010c4f4                execution_mode
 .text.show_main_screen
                0x0010c518       0x48 build/ecrobot_base.o
                0x0010c518                show_main_screen
 .text.display_status_bar
                0x0010c560       0x5c build/ecrobot_base.o
                0x0010c560                display_status_bar
 .text.check_NXT_buttons
                0x0010c5bc       0x7c build/ecrobot_base.o
                0x0010c5bc                check_NXT_buttons
 .text.show_bd_addr
                0x0010c638       0x44 build/ecrobot_base.o
                0x0010c638                show_bd_addr
 .text.show_bd_addr_err
                0x0010c67c       0x3c build/ecrobot_base.o
                0x0010c67c                show_bd_addr_err
 .text.add_status_info
                0x0010c6b8       0x68 build/ecrobot_base.o
                0x0010c6b8                add_status_info
 .text.show_splash_screen
                0x0010c720       0x90 build/ecrobot_base.o
                0x0010c720                show_splash_screen
 .text.main     0x0010c7b0      0x10c build/ecrobot.o
                0x0010c7b0                main
 .text.LineTracer_init
                0x0010c8bc       0x30 build/LineTracer.o
                0x0010c8bc                LineTracer_init
 .text.LineTracer_trace
                0x0010c8ec      0x100 build/LineTracer.o
                0x0010c8ec                LineTracer_trace
 .text.LineTracer_changePID
                0x0010c9ec       0x14 build/LineTracer.o
                0x0010c9ec                LineTracer_changePID
 .text.UI_init  0x0010ca00        0x4 build/UI.o
                0x0010ca00                UI_init
 .text.UI_waitStart
                0x0010ca04       0x58 build/UI.o
                0x0010ca04                UI_waitStart
 .text.UI_isEmergency
                0x0010ca5c       0x1c build/UI.o
                0x0010ca5c                UI_isEmergency
 .text.ColorJudgement_init
                0x0010ca78        0x8 build/ColorJudgement.o
                0x0010ca78                ColorJudgement_init
 .text.ColorJudgement_judgeColor
                0x0010ca80       0x1c build/ColorJudgement.o
                0x0010ca80                ColorJudgement_judgeColor
 .text.BalanceRunner_init
                0x0010ca9c       0x10 build/BalanceRunner.o
                0x0010ca9c                BalanceRunner_init
 .text.BalanceRunner_run
                0x0010caac      0x140 build/BalanceRunner.o
                0x0010caac                BalanceRunner_run
 .text.TouchSensor_init
                0x0010cbec        0x4 build/TouchSensor.o
                0x0010cbec                TouchSensor_init
 .text.TouchSensor_isPressed
                0x0010cbf0        0xc build/TouchSensor.o
                0x0010cbf0                TouchSensor_isPressed
 .text.GyroSensor_init
                0x0010cbfc        0xc build/GyroSensor.o
                0x0010cbfc                GyroSensor_init
 .text.GyroSensor_getAngularVelocity
                0x0010cc08        0xc build/GyroSensor.o
                0x0010cc08                GyroSensor_getAngularVelocity
 .text.GyroSensor_getOffset
                0x0010cc14        0x4 build/GyroSensor.o
                0x0010cc14                GyroSensor_getOffset
 .text.LightSensor_init
                0x0010cc18        0x4 build/LightSensor.o
                0x0010cc18                LightSensor_init
 .text.LightSensor_getBrightness
                0x0010cc1c        0xc build/LightSensor.o
                0x0010cc1c                LightSensor_getBrightness
 .text.Motor_init
                0x0010cc28        0x4 build/Motor.o
                0x0010cc28                Motor_init
 .text.Motor_resetAngle
                0x0010cc2c       0x10 build/Motor.o
                0x0010cc2c                Motor_resetAngle
 .text.Motor_getAngle
                0x0010cc3c        0xc build/Motor.o
                0x0010cc3c                Motor_getAngle
 .text.Motor_rotate
                0x0010cc48       0x10 build/Motor.o
                0x0010cc48                Motor_rotate
 .text.Motor_tailControl
                0x0010cc58       0x60 build/Motor.o
                0x0010cc58                Motor_tailControl
 .text.ecrobot_device_initialize
                0x0010ccb8       0x34 build/model_impl.o
                0x0010ccb8                ecrobot_device_initialize
 .text.ecrobot_device_terminate
                0x0010ccec       0x10 build/model_impl.o
                0x0010ccec                ecrobot_device_terminate
 .text.user_1ms_isr_type2
                0x0010ccfc        0x4 build/model_impl.o
                0x0010ccfc                user_1ms_isr_type2
 .text.TaskMainTaskMain
                0x0010cd00      0x218 build/model_impl.o
                0x0010cd00                TaskMainTaskMain
 .text.Steps_init
                0x0010cf18       0x2c build/Steps.o
                0x0010cf18                Steps_init
 .text.Steps_run
                0x0010cf44      0x174 build/Steps.o
                0x0010cf44                Steps_run
 .text.StepsIKB_init
                0x0010d0b8       0x2c build/StepsIKB.o
                0x0010d0b8                StepsIKB_init
 .text.Basic_init
                0x0010d0e4        0xc build/Basic.o
                0x0010d0e4                Basic_init
 .text.GrayDetector_init
                0x0010d0f0       0x20 build/GrayDetector.o
                0x0010d0f0                GrayDetector_init
 .text.GrayDetector_enqueue
                0x0010d110       0x50 build/GrayDetector.o
                0x0010d110                GrayDetector_enqueue
 .text.GrayDetector_calcAverage
                0x0010d160       0x1c build/GrayDetector.o
                0x0010d160                GrayDetector_calcAverage
 .text.ecrobot_get_gyro_sensor
                0x0010d17c       0x14 ../nxtOSEK/ecrobot/../ecrobot/libecrobot.a(ecrobot_HiTechnic.o)
                0x0010d17c                ecrobot_get_gyro_sensor
 .text.ecrobot_set_light_sensor_active
                0x0010d190       0x10 ../nxtOSEK/ecrobot/../ecrobot/libecrobot.a(ecrobot_interface.o)
                0x0010d190                ecrobot_set_light_sensor_active
 .text.ecrobot_set_light_sensor_inactive
                0x0010d1a0       0x10 ../nxtOSEK/ecrobot/../ecrobot/libecrobot.a(ecrobot_interface.o)
                0x0010d1a0                ecrobot_set_light_sensor_inactive
 .text.ecrobot_get_light_sensor
                0x0010d1b0       0x14 ../nxtOSEK/ecrobot/../ecrobot/libecrobot.a(ecrobot_interface.o)
                0x0010d1b0                ecrobot_get_light_sensor
 .text.ecrobot_get_touch_sensor
                0x0010d1c4       0x20 ../nxtOSEK/ecrobot/../ecrobot/libecrobot.a(ecrobot_interface.o)
                0x0010d1c4                ecrobot_get_touch_sensor
 .text.ecrobot_get_battery_voltage
                0x0010d1e4        0xc ../nxtOSEK/ecrobot/../ecrobot/libecrobot.a(ecrobot_interface.o)
                0x0010d1e4                ecrobot_get_battery_voltage
 .text.ecrobot_get_button_state
                0x0010d1f0        0xc ../nxtOSEK/ecrobot/../ecrobot/libecrobot.a(ecrobot_interface.o)
                0x0010d1f0                ecrobot_get_button_state
 .text.ecrobot_init_nxtstate
                0x0010d1fc       0x28 ../nxtOSEK/ecrobot/../ecrobot/libecrobot.a(ecrobot_interface.o)
                0x0010d1fc                ecrobot_init_nxtstate
 .text.ecrobot_poll_nxtstate
                0x0010d224       0x64 ../nxtOSEK/ecrobot/../ecrobot/libecrobot.a(ecrobot_interface.o)
                0x0010d224                ecrobot_poll_nxtstate
 .text.ecrobot_setDeviceInitialized
                0x0010d288       0x18 ../nxtOSEK/ecrobot/../ecrobot/libecrobot.a(ecrobot_interface.o)
                0x0010d288                ecrobot_setDeviceInitialized
 .text.ecrobot_initDeviceStatus
                0x0010d2a0        0xc ../nxtOSEK/ecrobot/../ecrobot/libecrobot.a(ecrobot_interface.o)
                0x0010d2a0                ecrobot_initDeviceStatus
 .text.ecrobot_bmp2lcd
                0x0010d2ac      0x1c8 ../nxtOSEK/ecrobot/../ecrobot/libecrobot.a(ecrobot_interface.o)
                0x0010d2ac                ecrobot_bmp2lcd
 .text.ecrobot_sound_tone
                0x0010d474        0xc ../nxtOSEK/ecrobot/../ecrobot/libecrobot.a(ecrobot_interface.o)
                0x0010d474                ecrobot_sound_tone
 .text.StartupHook
                0x0010d480        0x4 ../nxtOSEK/ecrobot/../ecrobot/libecrobot.a(osek_hook.o)
                0x0010d480                StartupHook
 .text.PreTaskHook
                0x0010d484        0x4 ../nxtOSEK/ecrobot/../ecrobot/libecrobot.a(osek_hook.o)
                0x0010d484                PreTaskHook
 .text.PostTaskHook
                0x0010d488        0x4 ../nxtOSEK/ecrobot/../ecrobot/libecrobot.a(osek_hook.o)
                0x0010d488                PostTaskHook
 .text.balance_control
                0x0010d48c      0x254 ../nxtOSEK/ecrobot/../ecrobot/libnxtway_gs_balancer.a(balancer.o)
                0x0010d48c                balance_control
 .text.balance_init
                0x0010d6e0       0x30 ../nxtOSEK/ecrobot/../ecrobot/libnxtway_gs_balancer.a(balancer.o)
                0x0010d6e0                balance_init
 .text          0x0010d710       0x8c /cygdrive/C/cygwin/GNUARM/bin/../lib/gcc/arm-elf/4.0.2/thumb/interwork/libgcc.a(_udivsi3.o)
                0x0010d710                __udivsi3
                0x0010d78c                __aeabi_uidivmod
 .text          0x0010d79c       0xa4 /cygdrive/C/cygwin/GNUARM/bin/../lib/gcc/arm-elf/4.0.2/thumb/interwork/libgcc.a(_divsi3.o)
                0x0010d79c                __divsi3
                0x0010d830                __aeabi_idivmod
 .text          0x0010d840       0xc8 /cygdrive/C/cygwin/GNUARM/bin/../lib/gcc/arm-elf/4.0.2/thumb/interwork/libgcc.a(_umodsi3.o)
                0x0010d840                __umodsi3
 .text          0x0010d908       0xd8 /cygdrive/C/cygwin/GNUARM/bin/../lib/gcc/arm-elf/4.0.2/thumb/interwork/libgcc.a(_modsi3.o)
                0x0010d908                __modsi3
 .text          0x0010d9e0        0x4 /cygdrive/C/cygwin/GNUARM/bin/../lib/gcc/arm-elf/4.0.2/thumb/interwork/libgcc.a(_dvmd_tls.o)
                0x0010d9e0                __aeabi_ldiv0
                0x0010d9e0                __div0
                0x0010d9e0                __aeabi_idiv0
 .text          0x0010d9e4      0x430 /cygdrive/C/cygwin/GNUARM/bin/../lib/gcc/arm-elf/4.0.2/thumb/interwork/libgcc.a(_addsubdf3.o)
                0x0010dda8                __floatdidf
                0x0010dd28                __floatsidf
                0x0010dd00                __aeabi_ui2d
                0x0010d9e4                __aeabi_drsub
                0x0010dd54                __extendsfdf2
                0x0010d9f0                __adddf3
                0x0010dd00                __floatunsidf
                0x0010d9f0                __aeabi_dadd
                0x0010dd94                __aeabi_ul2d
                0x0010d9ec                __aeabi_dsub
                0x0010dd94                __floatundidf
                0x0010dd28                __aeabi_i2d
                0x0010dda8                __aeabi_l2d
                0x0010dd54                __aeabi_f2d
                0x0010d9ec                __subdf3
 .text          0x0010de14      0x49c /cygdrive/C/cygwin/GNUARM/bin/../lib/gcc/arm-elf/4.0.2/thumb/interwork/libgcc.a(_muldivdf3.o)
                0x0010e0a4                __aeabi_ddiv
                0x0010de14                __aeabi_dmul
                0x0010e0a4                __divdf3
                0x0010de14                __muldf3
 .text          0x0010e2b0       0xa0 /cygdrive/C/cygwin/GNUARM/bin/../lib/gcc/arm-elf/4.0.2/thumb/interwork/libgcc.a(_truncdfsf2.o)
                0x0010e2b0                __aeabi_d2f
                0x0010e2b0                __truncdfsf2
 .text          0x0010e350      0x2ac /cygdrive/C/cygwin/GNUARM/bin/../lib/gcc/arm-elf/4.0.2/thumb/interwork/libgcc.a(_addsubsf3.o)
                0x0010e35c                __aeabi_fadd
                0x0010e358                __subsf3
                0x0010e520                __aeabi_i2f
                0x0010e358                __aeabi_fsub
                0x0010e550                __floatdisf
                0x0010e520                __floatsisf
                0x0010e540                __floatundisf
                0x0010e518                __aeabi_ui2f
                0x0010e550                __aeabi_l2f
                0x0010e540                __aeabi_ul2f
                0x0010e350                __aeabi_frsub
                0x0010e518                __floatunsisf
                0x0010e35c                __addsf3
 .text          0x0010e5fc      0x2f8 /cygdrive/C/cygwin/GNUARM/bin/../lib/gcc/arm-elf/4.0.2/thumb/interwork/libgcc.a(_muldivsf3.o)
                0x0010e794                __divsf3
                0x0010e794                __aeabi_fdiv
                0x0010e5fc                __mulsf3
                0x0010e5fc                __aeabi_fmul
 .text          0x0010e8f4      0x110 /cygdrive/C/cygwin/GNUARM/bin/../lib/gcc/arm-elf/4.0.2/thumb/interwork/libgcc.a(_cmpsf2.o)
                0x0010e9ec                __aeabi_fcmpgt
                0x0010e8fc                __lesf2
                0x0010e904                __nesf2
                0x0010e9d4                __aeabi_fcmpge
                0x0010e8f4                __gtsf2
                0x0010e9bc                __aeabi_fcmple
                0x0010e904                __eqsf2
                0x0010e904                __cmpsf2
                0x0010e8fc                __ltsf2
                0x0010e974                __aeabi_cfcmple
                0x0010e8f4                __gesf2
                0x0010e98c                __aeabi_fcmpeq
                0x0010e964                __aeabi_cfrcmple
                0x0010e9a4                __aeabi_fcmplt
                0x0010e974                __aeabi_cfcmpeq
 .text          0x0010ea04       0x5c /cygdrive/C/cygwin/GNUARM/bin/../lib/gcc/arm-elf/4.0.2/thumb/interwork/libgcc.a(_fixsfsi.o)
                0x0010ea04                __fixsfsi
                0x0010ea04                __aeabi_f2iz
 .text          0x0010ea60       0x54 /cygdrive/C/cygwin/GNUARM/bin/../lib/gcc/arm-elf/4.0.2/thumb/interwork/libgcc.a(_fixunssfsi.o)
                0x0010ea60                __aeabi_f2uiz
                0x0010ea60                __fixunssfsi
 .text          0x0010eab4        0xc /cygdrive/C/cygwin/GNUARM/bin/../lib/gcc/arm-elf/4.0.2/../../../../arm-elf/lib/thumb/interwork/libc.a(abs.o)
                0x0010eab4                abs
 .text          0x0010eac0       0x68 /cygdrive/C/cygwin/GNUARM/bin/../lib/gcc/arm-elf/4.0.2/../../../../arm-elf/lib/thumb/interwork/libc.a(memcpy.o)
                0x0010eac0                memcpy
 .text          0x0010eb28       0x68 /cygdrive/C/cygwin/GNUARM/bin/../lib/gcc/arm-elf/4.0.2/../../../../arm-elf/lib/thumb/interwork/libc.a(memset.o)
                0x0010eb28                memset
 .text          0x0010eb90       0x60 /cygdrive/C/cygwin/GNUARM/bin/../lib/gcc/arm-elf/4.0.2/../../../../arm-elf/lib/thumb/interwork/libc.a(strcpy.o)
                0x0010eb90                strcpy
 .text          0x0010ebf0       0x48 /cygdrive/C/cygwin/GNUARM/bin/../lib/gcc/arm-elf/4.0.2/../../../../arm-elf/lib/thumb/interwork/libc.a(strlen.o)
                0x0010ebf0                strlen
 .text          0x0010ec38       0x84 /cygdrive/C/cygwin/GNUARM/bin/../lib/gcc/arm-elf/4.0.2/../../../../arm-elf/lib/thumb/interwork/libc.a(strncpy.o)
                0x0010ec38                strncpy
 .glue_7        0x0010ecbc       0x30 /cygdrive/C/cygwin/GNUARM/bin/../lib/gcc/arm-elf/4.0.2/../../../../arm-elf/lib/thumb/interwork/libc.a(strncpy.o)
                0x0010ecd4                __call_posttaskhook_from_arm
                0x0010ecbd                __ecrobot_debug1_from_arm
                0x0010ecc9                __ecrobot_debug2_from_arm
                0x0010ece0                __call_pretaskhook_from_arm
 .glue_7t       0x0010ecec       0xd8 /cygdrive/C/cygwin/GNUARM/bin/../lib/gcc/arm-elf/4.0.2/../../../../arm-elf/lib/thumb/interwork/libc.a(strncpy.o)
                0x0010ed18                __start_change_to_arm
                0x0010ed8c                __interrupts_get_and_disable_from_thumb
                0x0010edbc                ____lesf2_from_thumb
                0x0010ed85                ____gtdf2_from_thumb
                0x0010ed0d                __exit_and_dispatch_from_thumb
                0x0010eda4                ____divsf3_from_thumb
                0x0010edb8                ____gesf2_change_to_arm
                0x0010ed80                ____fixsfsi_change_to_arm
                0x0010ed60                ____addsf3_change_to_arm
                0x0010ed7c                ____fixsfsi_from_thumb
                0x0010ed4c                ____floatsisf_from_thumb
                0x0010ed24                ____extendsfdf2_from_thumb
                0x0010ed10                __exit_and_dispatch_change_to_arm
                0x0010ecec                __disable_int_from_thumb
                0x0010edb4                ____gesf2_from_thumb
                0x0010ed04                __start_dispatch_from_thumb
                0x0010ed74                ____ltsf2_from_thumb
                0x0010ed68                ____divdf3_change_to_arm
                0x0010edc0                ____lesf2_change_to_arm
                0x0010ed14                __start_from_thumb
                0x0010ed44                ____truncdfsf2_from_thumb
                0x0010ed38                ____muldf3_change_to_arm
                0x0010eda8                ____divsf3_change_to_arm
                0x0010ed64                ____divdf3_from_thumb
                0x0010ecf4                __enable_int_from_thumb
                0x0010ecfd                __dispatch_from_thumb
                0x0010ed98                __interrupts_enable_change_to_arm
                0x0010ed6c                ____gtsf2_from_thumb
                0x0010ed90                __interrupts_get_and_disable_change_to_arm
                0x0010ed00                __dispatch_change_to_arm
                0x0010ed58                ____mulsf3_change_to_arm
                0x0010ed40                ____adddf3_change_to_arm
                0x0010ed88                ____gtdf2_change_to_arm
                0x0010ed48                ____truncdfsf2_change_to_arm
                0x0010ed28                ____extendsfdf2_change_to_arm
                0x0010ed2c                ____floatsidf_from_thumb
                0x0010ed50                ____floatsisf_change_to_arm
                0x0010ed9d                __display_bios_status_from_thumb
                0x0010edac                ____subsf3_from_thumb
                0x0010ed3c                ____adddf3_from_thumb
                0x0010ed70                ____gtsf2_change_to_arm
                0x0010ecf0                __disable_int_change_to_arm
                0x0010ed20                ____fixunssfsi_change_to_arm
                0x0010ed78                ____ltsf2_change_to_arm
                0x0010ed54                ____mulsf3_from_thumb
                0x0010ed5c                ____addsf3_from_thumb
                0x0010ed34                ____muldf3_from_thumb
                0x0010ed1c                ____fixunssfsi_from_thumb
                0x0010edb0                ____subsf3_change_to_arm
                0x0010ecf8                __enable_int_change_to_arm
                0x0010ed30                ____floatsidf_change_to_arm
                0x0010ed94                __interrupts_enable_from_thumb
                0x0010eda0                __display_bios_status_change_to_arm
                0x0010ed08                __start_dispatch_change_to_arm
                0x0010edd0                . = ALIGN (0x10)
 *fill*         0x0010edc4        0xc 00
 *(*.rodata *.rodata.*)
 .rodata.tinib_stksz
                0x0010edd0        0x2 build/./kernel_cfg.o
                0x0010edd0                tinib_stksz
 *fill*         0x0010edd2        0x2 00
 .rodata.tinib_stk
                0x0010edd4        0x4 build/./kernel_cfg.o
                0x0010edd4                tinib_stk
 .rodata.tinib_task
                0x0010edd8        0x4 build/./kernel_cfg.o
                0x0010edd8                tinib_task
 .rodata.tinib_autoact
                0x0010eddc        0x1 build/./kernel_cfg.o
                0x0010eddc                tinib_autoact
 .rodata.tinib_exepri
                0x0010eddd        0x1 build/./kernel_cfg.o
                0x0010eddd                tinib_exepri
 .rodata.tinib_inipri
                0x0010edde        0x1 build/./kernel_cfg.o
                0x0010edde                tinib_inipri
 .rodata.tnum_exttask
                0x0010eddf        0x1 build/./kernel_cfg.o
                0x0010eddf                tnum_exttask
 .rodata.tnum_task
                0x0010ede0        0x1 build/./kernel_cfg.o
                0x0010ede0                tnum_task
 *fill*         0x0010ede1        0x3 00
 .rodata.exec_addr
                0x0010ede4        0x4 build/ecrobot_base.o
                0x0010ede4                exec_addr
 .rodata.str1.4
                0x0010ede8       0x80 build/ecrobot_base.o
 .rodata.BATTERY_OFFSET
                0x0010ee68        0x4 build/balancer_param.o
                0x0010ee68                BATTERY_OFFSET
 .rodata.BATTERY_GAIN
                0x0010ee6c        0x4 build/balancer_param.o
                0x0010ee6c                BATTERY_GAIN
 .rodata.str1.4
                0x0010ee70       0x1a build/model_impl.o
                                 0x1c (size before relaxing)
 *fill*         0x0010ee8a        0x2 00
 .rodata.Steps_run
                0x0010ee8c       0x1c build/Steps.o
                0x0010eeb0                . = ALIGN (0x10)
 *fill*         0x0010eea8        0x8 00
 *(*.gnu.linkonce.* .gcc_except_table)
                0x0010eeb0                . = ALIGN (0x10)

.tors           0x0010eeb0        0x0
                0x0010eeb0                . = ALIGN (0x10)
                0x0010eeb0                __ctor_begin = .
 *(*.ctors*)
                0x0010eeb0                __ctor_end = .
                0x0010eeb0                . = ALIGN (0x10)
                0x0010eeb0                __dtor_begin = .
 *(*.dtors*)
                0x0010eeb0                __dtor_end = .
                0x0010eeb0                . = ALIGN (0x10)
                0x0010eeb0                __rom_end__ = __dtor_end

.bss            0x002037a0     0x1acc
 *(*.bss *.bss.*)
 .bss.ready_primap
                0x002037a0        0x2 build/kernel/task.o
 .bss.ready_queue_last
                0x002037a2       0x10 build/kernel/task.o
 .bss.ready_queue_first
                0x002037b2       0x10 build/kernel/task.o
 *fill*         0x002037c2        0x2 00
 .bss._stack_TaskMain
                0x002037c4      0x200 build/./kernel_cfg.o
 .bss.receiveBuf
                0x002039c4       0x80 build/ecrobot_bluetooth.o
 .bss.sendBuf   0x00203a44      0x100 build/ecrobot_bluetooth.o
 .bss.handle    0x00203b44        0x1 build/ecrobot_bluetooth.o
 *fill*         0x00203b45        0x3 00
 .bss.status_bar_position
                0x00203b48        0x4 build/ecrobot_base.o
 .bss.last_act_time.2701
                0x00203b4c        0x4 build/ecrobot_base.o
 .bss.lcd.2630  0x00203b50      0x320 build/ecrobot_base.o
 .bss.OS_flag   0x00203e70        0x4 build/ecrobot_base.o
 .bss.status_bar
                0x00203e74       0x10 build/ecrobot_base.o
 .bss.stop      0x00203e84        0x4 build/model_impl.o
                0x00203e84                stop
 .bss.gfrag     0x00203e88        0x4 build/model_impl.o
                0x00203e88                gfrag
 .bss.buttons_i
                0x00203e8c        0x4 ../nxtOSEK/ecrobot/../ecrobot/libecrobot.a(ecrobot_interface.o)
 .bss.buttons_states
                0x00203e90       0x14 ../nxtOSEK/ecrobot/../ecrobot/libecrobot.a(ecrobot_interface.o)
 .bss.ecrobot_inputs
                0x00203ea4        0x8 ../nxtOSEK/ecrobot/../ecrobot/libecrobot.a(ecrobot_interface.o)
 .bss.systick_ms
                0x00203eac        0x4 ../nxtOSEK/ecrobot/../ecrobot/libecrobot.a(systick.oram)
 .bss.delayedEnable
                0x00203eb0        0x1 ../nxtOSEK/ecrobot/../ecrobot/libecrobot.a(udp.oram)
 *fill*         0x00203eb1        0x3 00
 .bss.outCnt    0x00203eb4        0x4 ../nxtOSEK/ecrobot/../ecrobot/libecrobot.a(udp.oram)
 .bss.outPtr    0x00203eb8        0x4 ../nxtOSEK/ecrobot/../ecrobot/libecrobot.a(udp.oram)
 .bss.newAddress
                0x00203ebc        0x4 ../nxtOSEK/ecrobot/../ecrobot/libecrobot.a(udp.oram)
 .bss.currentRxBank
                0x00203ec0        0x4 ../nxtOSEK/ecrobot/../ecrobot/libecrobot.a(udp.oram)
 .bss.currentFeatures
                0x00203ec4        0x4 ../nxtOSEK/ecrobot/../ecrobot/libecrobot.a(udp.oram)
 .bss.currentConfig
                0x00203ec8        0x1 ../nxtOSEK/ecrobot/../ecrobot/libecrobot.a(udp.oram)
 *fill*         0x00203ec9        0x3 00
 .bss.twi_mask  0x00203ecc        0x4 ../nxtOSEK/ecrobot/../ecrobot/libecrobot.a(twi.oram)
 .bss.twi_ptr   0x00203ed0        0x4 ../nxtOSEK/ecrobot/../ecrobot/libecrobot.a(twi.oram)
 .bss.twi_pending
                0x00203ed4        0x4 ../nxtOSEK/ecrobot/../ecrobot/libecrobot.a(twi.oram)
 .bss.twi_state
                0x00203ed8        0x4 ../nxtOSEK/ecrobot/../ecrobot/libecrobot.a(twi.oram)
 .bss.page      0x00203edc        0x1 ../nxtOSEK/ecrobot/../ecrobot/libecrobot.a(nxt_spi.oram)
                0x00203edc                page
 .bss.dirty     0x00203edd        0x1 ../nxtOSEK/ecrobot/../ecrobot/libecrobot.a(nxt_spi.oram)
                0x00203edd                dirty
 *fill*         0x00203ede        0x2 00
 .bss.display   0x00203ee0        0x4 ../nxtOSEK/ecrobot/../ecrobot/libecrobot.a(nxt_spi.oram)
                0x00203ee0                display
 .bss.interrupts_this_period
                0x00203ee4        0x4 ../nxtOSEK/ecrobot/../ecrobot/libecrobot.a(nxt_motors.oram)
 .bss.nxt_motor_initialised
                0x00203ee8        0x4 ../nxtOSEK/ecrobot/../ecrobot/libecrobot.a(nxt_motors.oram)
 .bss.motor     0x00203eec       0x30 ../nxtOSEK/ecrobot/../ecrobot/libecrobot.a(nxt_motors.oram)
 .bss.display_tick
                0x00203f1c        0x4 ../nxtOSEK/ecrobot/../ecrobot/libecrobot.a(display.oram)
                0x00203f1c                display_tick
 .bss.display_array
                0x00203f20      0x388 ../nxtOSEK/ecrobot/../ecrobot/libecrobot.a(display.oram)
 .bss.i2c_int_count
                0x002042a8        0x4 ../nxtOSEK/ecrobot/../ecrobot/libecrobot.a(i2c.oram)
 .bss.i2c_port  0x002042ac      0x170 ../nxtOSEK/ecrobot/../ecrobot/libecrobot.a(i2c.oram)
 .bss.sound_mode
                0x0020441c        0x1 ../nxtOSEK/ecrobot/../ecrobot/libecrobot.a(sound.oram)
                0x0020441c                sound_mode
 *fill*         0x0020441d        0x3 00
 .bss.in_buf_idx
                0x00204420        0x4 ../nxtOSEK/ecrobot/../ecrobot/libecrobot.a(bt.oram)
 .bss.buf_ptr   0x00204424        0x4 ../nxtOSEK/ecrobot/../ecrobot/libecrobot.a(bt.oram)
 .bss.out_buf   0x00204428      0x200 ../nxtOSEK/ecrobot/../ecrobot/libecrobot.a(bt.oram)
 .bss.out_buf_ptr
                0x00204628        0x1 ../nxtOSEK/ecrobot/../ecrobot/libecrobot.a(bt.oram)
 .bss.in_buf_in_ptr
                0x00204629        0x1 ../nxtOSEK/ecrobot/../ecrobot/libecrobot.a(bt.oram)
 .bss.in_buf    0x0020462a      0x100 ../nxtOSEK/ecrobot/../ecrobot/libecrobot.a(bt.oram)
 *fill*         0x0020472a        0x2 00
 .bss.link_state
                0x0020472c        0x4 ../nxtOSEK/ecrobot/../ecrobot/libecrobot.a(nxt_avr.oram)
 .bss.update_count
                0x00204730        0x4 ../nxtOSEK/ecrobot/../ecrobot/libecrobot.a(nxt_avr.oram)
 .bss.nxt_avr_stats
                0x00204734       0x14 ../nxtOSEK/ecrobot/../ecrobot/libecrobot.a(nxt_avr.oram)
 .bss.debounce_cnt
                0x00204748        0x2 ../nxtOSEK/ecrobot/../ecrobot/libecrobot.a(nxt_avr.oram)
 .bss.debounce_state
                0x0020474a        0x2 ../nxtOSEK/ecrobot/../ecrobot/libecrobot.a(nxt_avr.oram)
 .bss.button_state
                0x0020474c        0x2 ../nxtOSEK/ecrobot/../ecrobot/libecrobot.a(nxt_avr.oram)
 .bss.prev_buttons
                0x0020474e        0x2 ../nxtOSEK/ecrobot/../ecrobot/libecrobot.a(nxt_avr.oram)
 .bss.from_buf  0x00204750        0x4 ../nxtOSEK/ecrobot/../ecrobot/libecrobot.a(nxt_avr.oram)
 .bss.io_from_avr
                0x00204754        0x4 ../nxtOSEK/ecrobot/../ecrobot/libecrobot.a(nxt_avr.oram)
 .bss.data_from_avr
                0x00204758       0x1a ../nxtOSEK/ecrobot/../ecrobot/libecrobot.a(nxt_avr.oram)
 .bss.data_to_avr
                0x00204772        0x9 ../nxtOSEK/ecrobot/../ecrobot/libecrobot.a(nxt_avr.oram)
 .bss.io_to_avr
                0x0020477b        0x8 ../nxtOSEK/ecrobot/../ecrobot/libecrobot.a(nxt_avr.oram)
 *fill*         0x00204783        0x1 00
 .bss.display   0x00204784        0x4 ../nxtOSEK/ecrobot/../ecrobot/libecrobot.a(nxt_lcd.oram)
 .bss.ud_thetadot_cmd_lpf
                0x00204788        0x4 ../nxtOSEK/ecrobot/../ecrobot/libnxtway_gs_balancer.a(balancer.o)
 .bss.ud_theta_ref
                0x0020478c        0x4 ../nxtOSEK/ecrobot/../ecrobot/libnxtway_gs_balancer.a(balancer.o)
 .bss.ud_theta_lpf
                0x00204790        0x4 ../nxtOSEK/ecrobot/../ecrobot/libnxtway_gs_balancer.a(balancer.o)
 .bss.ud_psi    0x00204794        0x4 ../nxtOSEK/ecrobot/../ecrobot/libnxtway_gs_balancer.a(balancer.o)
 .bss.ud_err_theta
                0x00204798        0x4 ../nxtOSEK/ecrobot/../ecrobot/libnxtway_gs_balancer.a(balancer.o)
                0x002047a0                . = ALIGN (0x10)
 *fill*         0x0020479c        0x4 00
                0x002047a0                __bss_end__ = .
 COMMON         0x002047a0        0x2 build/kernel/interrupt.o
                0x002047a0                runisr
                0x002047a1                sus_all_cnt
 *fill*         0x002047a2        0x2 00
 COMMON         0x002047a4       0x10 build/kernel/osctl.o
                0x002047a4                callevel
                0x002047a5                _errorhook_svcid
                0x002047a6                appmode
                0x002047a8                _errorhook_par1
                0x002047ac                _errorhook_par3
                0x002047b0                _errorhook_par2
 COMMON         0x002047b4        0x3 build/kernel/task.o
                0x002047b4                runtsk
                0x002047b5                schedtsk
                0x002047b6                nextpri
 *fill*         0x002047b7        0x1 00
 COMMON         0x002047b8       0x2c build/./kernel_cfg.o
                0x002047b8                tcb_waievt
                0x002047bc                rescb_prevpri
                0x002047bd                almcb_prev
                0x002047be                tcb_lastres
                0x002047c0                almcb_almval
                0x002047c4                tcxb_pc
                0x002047c8                tcb_next
                0x002047c9                tcb_curpri
                0x002047ca                tcb_tstat
                0x002047cb                isrcb_lastres
                0x002047cc                cntcb_almque
                0x002047cd                rescb_prevres
                0x002047ce                tcb_actcnt
                0x002047d0                tcb_curevt
                0x002047d4                almcb_cycle
                0x002047d8                tcxb_sp
                0x002047dc                almcb_next
                0x002047e0                cntcb_curval
 COMMON         0x002047e4      0x71c build/model_impl.o
                0x002047e4                rightMotor
                0x002047e8                seeSaw
                0x00204808                tailMotor
                0x0020480c                basic
                0x00204824                garageIn
                0x00204830                grayDetector
                0x002049cc                gyroSensor
                0x002049d4                steps
                0x00204bf8                gyro
                0x00204bfc                run_time
                0x00204c00                leftMotor
                0x00204c04                touchSensor
                0x00204c08                balanceRunner
                0x00204c20                lightSensor
                0x00204c24                lineTracer
                0x00204c4c                ui
                0x00204cd4                colorJudgement
                0x00204cdc                stepsIKB
 COMMON         0x00204f00       0x44 ../nxtOSEK/ecrobot/../ecrobot/libecrobot.a(uart.oram)
                0x00204f00                uart
 COMMON         0x00204f44        0x4 ../nxtOSEK/ecrobot/../ecrobot/libecrobot.a(data_abort.oram)
                0x00204f44                data_abort_pc
 COMMON         0x00204f48        0x8 ../nxtOSEK/ecrobot/../ecrobot/libecrobot.a(display.oram)
                0x00204f48                display_x
                0x00204f4c                display_y
 COMMON         0x00204f50      0x31c ../nxtOSEK/ecrobot/../ecrobot/libecrobot.a(sound.oram)
                0x00204f50                sample
                0x002037a0                __bss_start__ = ADDR (.bss)
                0x0020526c                __bss_end__ = (ADDR (.bss) + SIZEOF (.bss))
                0x0020526c                PROVIDE (end, .)

.heap_area      0x0020526c     0xa90c
                0x0020fb78                . = (. + (0x20fb78 - end))
 *fill*         0x0020526c     0xa90c 00

.stack          0x0020fb78      0x488
                0x0020fbf8                . = (. + 0x80)
 *fill*         0x0020fb78       0x80 00
                0x0020fc00                . = ALIGN (0x10)
 *fill*         0x0020fbf8        0x8 00
                0x0020fc00                __irq_stack__ = .
                0x0020fc00                __system_stack_bottom__ = .
                0x00210000                . = (. + 0x400)
 *fill*         0x0020fc00      0x400 00
                0x00210000                . = ALIGN (0x10)
                0x00210000                __system_stack__ = .
                0x00210000                __system_stack_top__ = .
                0x0020fb78                __stack_start__ = ADDR (.stack)
                0x00210000                __stack_end__ = (ADDR (.stack) + SIZEOF (.stack))
OUTPUT(Basic_rom.elf elf32-littlearm)

.comment        0x00000000      0x4a4
 .comment       0x00000000       0x12 build/kernel/alarm.o
 .comment       0x00000012       0x12 build/kernel/event.o
 .comment       0x00000024       0x12 build/kernel/interrupt.o
 .comment       0x00000036       0x12 build/kernel/osctl.o
 .comment       0x00000048       0x12 build/kernel/resource.o
 .comment       0x0000005a       0x12 build/kernel/task.o
 .comment       0x0000006c       0x12 build/kernel/task_manage.o
 .comment       0x0000007e       0x12 build/config/at91sam7s-gnu/cpu_config.o
 .comment       0x00000090       0x12 build/config/at91sam7s-gnu/lego_nxt/sys_config.o
 .comment       0x000000a2       0x12 build/./kernel_cfg.o
 .comment       0x000000b4       0x12 build/syscalls.o
 .comment       0x000000c6       0x12 build/ecrobot_bluetooth.o
 .comment       0x000000d8       0x12 build/ecrobot_base.o
 .comment       0x000000ea       0x12 build/ecrobot.o
 .comment       0x000000fc       0x12 build/balancer_param.o
 .comment       0x0000010e       0x12 build/LineTracer.o
 .comment       0x00000120       0x12 build/UI.o
 .comment       0x00000132       0x12 build/ColorJudgement.o
 .comment       0x00000144       0x12 build/BalanceRunner.o
 .comment       0x00000156       0x12 build/TouchSensor.o
 .comment       0x00000168       0x12 build/GyroSensor.o
 .comment       0x0000017a       0x12 build/LightSensor.o
 .comment       0x0000018c       0x12 build/Motor.o
 .comment       0x0000019e       0x12 build/model_impl.o
 .comment       0x000001b0       0x12 build/SeeSaw.o
 .comment       0x000001c2       0x12 build/Steps.o
 .comment       0x000001d4       0x12 build/GarageIn.o
 .comment       0x000001e6       0x12 build/StepsIKB.o
 .comment       0x000001f8       0x12 build/Basic.o
 .comment       0x0000020a       0x12 build/GrayDetector.o
 .comment       0x0000021c       0x12 build/syslib/at91sam7s-gnu/lego_nxt/hw_sys_timer.oram
 .comment       0x0000022e       0x12 ../nxtOSEK/ecrobot/../ecrobot/libecrobot.a(ecrobot_HiTechnic.o)
 .comment       0x00000240       0x12 ../nxtOSEK/ecrobot/../ecrobot/libecrobot.a(ecrobot_interface.o)
 .comment       0x00000252       0x12 ../nxtOSEK/ecrobot/../ecrobot/libecrobot.a(colorsensor.o)
 .comment       0x00000264       0x12 ../nxtOSEK/ecrobot/../ecrobot/libecrobot.a(osek_hook.o)
 .comment       0x00000276       0x12 ../nxtOSEK/ecrobot/../ecrobot/libecrobot.a(uart.oram)
 .comment       0x00000288       0x12 ../nxtOSEK/ecrobot/../ecrobot/libecrobot.a(systick.oram)
 .comment       0x0000029a       0x12 ../nxtOSEK/ecrobot/../ecrobot/libecrobot.a(byte_fifo.oram)
 .comment       0x000002ac       0x12 ../nxtOSEK/ecrobot/../ecrobot/libecrobot.a(aic.oram)
 .comment       0x000002be       0x12 ../nxtOSEK/ecrobot/../ecrobot/libecrobot.a(udp.oram)
 .comment       0x000002d0       0x12 ../nxtOSEK/ecrobot/../ecrobot/libecrobot.a(twi.oram)
 .comment       0x000002e2       0x12 ../nxtOSEK/ecrobot/../ecrobot/libecrobot.a(nxt_spi.oram)
 .comment       0x000002f4       0x12 ../nxtOSEK/ecrobot/../ecrobot/libecrobot.a(nxt_motors.oram)
 .comment       0x00000306       0x12 ../nxtOSEK/ecrobot/../ecrobot/libecrobot.a(data_abort.oram)
 .comment       0x00000318       0x12 ../nxtOSEK/ecrobot/../ecrobot/libecrobot.a(display.oram)
 .comment       0x0000032a       0x12 ../nxtOSEK/ecrobot/../ecrobot/libecrobot.a(i2c.oram)
 .comment       0x0000033c       0x12 ../nxtOSEK/ecrobot/../ecrobot/libecrobot.a(sound.oram)
 .comment       0x0000034e       0x12 ../nxtOSEK/ecrobot/../ecrobot/libecrobot.a(bt.oram)
 .comment       0x00000360       0x12 ../nxtOSEK/ecrobot/../ecrobot/libecrobot.a(nxt_avr.oram)
 .comment       0x00000372       0x12 ../nxtOSEK/ecrobot/../ecrobot/libecrobot.a(sensors.oram)
 .comment       0x00000384       0x12 ../nxtOSEK/ecrobot/../ecrobot/libecrobot.a(sensors1.oram)
 .comment       0x00000396       0x12 ../nxtOSEK/ecrobot/../ecrobot/libecrobot.a(nxt_lcd.oram)
 .comment       0x000003a8       0x12 ../nxtOSEK/ecrobot/../ecrobot/libecrobot.a(flash_loader.oram)
 .comment       0x000003ba       0x12 ../nxtOSEK/ecrobot/../ecrobot/libecrobot.a(ecrobot_usb.o)
 .comment       0x000003cc       0x12 ../nxtOSEK/ecrobot/../ecrobot/libecrobot.a(flashprog.oram)
 .comment       0x000003de       0x12 ../nxtOSEK/ecrobot/../ecrobot/libnxtway_gs_balancer.a(balancer.o)
 .comment       0x000003f0       0x12 /cygdrive/C/cygwin/GNUARM/bin/../lib/gcc/arm-elf/4.0.2/thumb/interwork/libgcc.a(_muldi3.o)
 .comment       0x00000402       0x12 /cygdrive/C/cygwin/GNUARM/bin/../lib/gcc/arm-elf/4.0.2/thumb/interwork/libgcc.a(_divdi3.o)
 .comment       0x00000414       0x12 /cygdrive/C/cygwin/GNUARM/bin/../lib/gcc/arm-elf/4.0.2/thumb/interwork/libgcc.a(_clz.o)
 .comment       0x00000426       0x12 /cygdrive/C/cygwin/GNUARM/bin/../lib/gcc/arm-elf/4.0.2/../../../../arm-elf/lib/thumb/interwork/libc.a(abs.o)
 .comment       0x00000438       0x12 /cygdrive/C/cygwin/GNUARM/bin/../lib/gcc/arm-elf/4.0.2/../../../../arm-elf/lib/thumb/interwork/libc.a(memcpy.o)
 .comment       0x0000044a       0x12 /cygdrive/C/cygwin/GNUARM/bin/../lib/gcc/arm-elf/4.0.2/../../../../arm-elf/lib/thumb/interwork/libc.a(memset.o)
 .comment       0x0000045c       0x12 /cygdrive/C/cygwin/GNUARM/bin/../lib/gcc/arm-elf/4.0.2/../../../../arm-elf/lib/thumb/interwork/libc.a(strcmp.o)
 .comment       0x0000046e       0x12 /cygdrive/C/cygwin/GNUARM/bin/../lib/gcc/arm-elf/4.0.2/../../../../arm-elf/lib/thumb/interwork/libc.a(strcpy.o)
 .comment       0x00000480       0x12 /cygdrive/C/cygwin/GNUARM/bin/../lib/gcc/arm-elf/4.0.2/../../../../arm-elf/lib/thumb/interwork/libc.a(strlen.o)
 .comment       0x00000492       0x12 /cygdrive/C/cygwin/GNUARM/bin/../lib/gcc/arm-elf/4.0.2/../../../../arm-elf/lib/thumb/interwork/libc.a(strncpy.o)

.debug_line     0x00000000      0xfff
 .debug_line    0x00000000       0x70 /cygdrive/C/cygwin/GNUARM/bin/../lib/gcc/arm-elf/4.0.2/thumb/interwork/libgcc.a(_udivsi3.o)
 .debug_line    0x00000070       0x7c /cygdrive/C/cygwin/GNUARM/bin/../lib/gcc/arm-elf/4.0.2/thumb/interwork/libgcc.a(_divsi3.o)
 .debug_line    0x000000ec       0x68 /cygdrive/C/cygwin/GNUARM/bin/../lib/gcc/arm-elf/4.0.2/thumb/interwork/libgcc.a(_umodsi3.o)
 .debug_line    0x00000154       0x71 /cygdrive/C/cygwin/GNUARM/bin/../lib/gcc/arm-elf/4.0.2/thumb/interwork/libgcc.a(_modsi3.o)
 .debug_line    0x000001c5       0x5a /cygdrive/C/cygwin/GNUARM/bin/../lib/gcc/arm-elf/4.0.2/thumb/interwork/libgcc.a(_dvmd_tls.o)
 .debug_line    0x0000021f      0x162 /cygdrive/C/cygwin/GNUARM/bin/../lib/gcc/arm-elf/4.0.2/thumb/interwork/libgcc.a(_addsubdf3.o)
 .debug_line    0x00000381      0x177 /cygdrive/C/cygwin/GNUARM/bin/../lib/gcc/arm-elf/4.0.2/thumb/interwork/libgcc.a(_muldivdf3.o)
 .debug_line    0x000004f8       0xa4 /cygdrive/C/cygwin/GNUARM/bin/../lib/gcc/arm-elf/4.0.2/thumb/interwork/libgcc.a(_cmpdf2.o)
 .debug_line    0x0000059c       0x80 /cygdrive/C/cygwin/GNUARM/bin/../lib/gcc/arm-elf/4.0.2/thumb/interwork/libgcc.a(_truncdfsf2.o)
 .debug_line    0x0000061c      0x110 /cygdrive/C/cygwin/GNUARM/bin/../lib/gcc/arm-elf/4.0.2/thumb/interwork/libgcc.a(_addsubsf3.o)
 .debug_line    0x0000072c      0x11a /cygdrive/C/cygwin/GNUARM/bin/../lib/gcc/arm-elf/4.0.2/thumb/interwork/libgcc.a(_muldivsf3.o)
 .debug_line    0x00000846       0x98 /cygdrive/C/cygwin/GNUARM/bin/../lib/gcc/arm-elf/4.0.2/thumb/interwork/libgcc.a(_cmpsf2.o)
 .debug_line    0x000008de       0x6f /cygdrive/C/cygwin/GNUARM/bin/../lib/gcc/arm-elf/4.0.2/thumb/interwork/libgcc.a(_fixsfsi.o)
 .debug_line    0x0000094d       0x6d /cygdrive/C/cygwin/GNUARM/bin/../lib/gcc/arm-elf/4.0.2/thumb/interwork/libgcc.a(_fixunssfsi.o)
 .debug_line    0x000009ba       0x61 /cygdrive/C/cygwin/GNUARM/bin/../lib/gcc/arm-elf/4.0.2/thumb/interwork/libgcc.a(_muldi3.o)
 .debug_line    0x00000a1b      0x122 /cygdrive/C/cygwin/GNUARM/bin/../lib/gcc/arm-elf/4.0.2/thumb/interwork/libgcc.a(_divdi3.o)
 .debug_line    0x00000b3d       0x48 /cygdrive/C/cygwin/GNUARM/bin/../lib/gcc/arm-elf/4.0.2/thumb/interwork/libgcc.a(_clz.o)
 .debug_line    0x00000b85       0x6a /cygdrive/C/cygwin/GNUARM/bin/../lib/gcc/arm-elf/4.0.2/../../../../arm-elf/lib/thumb/interwork/libc.a(abs.o)
 .debug_line    0x00000bef       0xc3 /cygdrive/C/cygwin/GNUARM/bin/../lib/gcc/arm-elf/4.0.2/../../../../arm-elf/lib/thumb/interwork/libc.a(memcpy.o)
 .debug_line    0x00000cb2       0xd4 /cygdrive/C/cygwin/GNUARM/bin/../lib/gcc/arm-elf/4.0.2/../../../../arm-elf/lib/thumb/interwork/libc.a(memset.o)
 .debug_line    0x00000d86       0x88 /cygdrive/C/cygwin/GNUARM/bin/../lib/gcc/arm-elf/4.0.2/../../../../arm-elf/lib/thumb/interwork/libc.a(strcmp.o)
 .debug_line    0x00000e0e       0x80 /cygdrive/C/cygwin/GNUARM/bin/../lib/gcc/arm-elf/4.0.2/../../../../arm-elf/lib/thumb/interwork/libc.a(strcpy.o)
 .debug_line    0x00000e8e       0xaf /cygdrive/C/cygwin/GNUARM/bin/../lib/gcc/arm-elf/4.0.2/../../../../arm-elf/lib/thumb/interwork/libc.a(strlen.o)
 .debug_line    0x00000f3d       0xc2 /cygdrive/C/cygwin/GNUARM/bin/../lib/gcc/arm-elf/4.0.2/../../../../arm-elf/lib/thumb/interwork/libc.a(strncpy.o)

.debug_info     0x00000000     0x1689
 .debug_info    0x00000000       0x6a /cygdrive/C/cygwin/GNUARM/bin/../lib/gcc/arm-elf/4.0.2/thumb/interwork/libgcc.a(_udivsi3.o)
 .debug_info    0x0000006a       0x6a /cygdrive/C/cygwin/GNUARM/bin/../lib/gcc/arm-elf/4.0.2/thumb/interwork/libgcc.a(_divsi3.o)
 .debug_info    0x000000d4       0x6a /cygdrive/C/cygwin/GNUARM/bin/../lib/gcc/arm-elf/4.0.2/thumb/interwork/libgcc.a(_umodsi3.o)
 .debug_info    0x0000013e       0x6a /cygdrive/C/cygwin/GNUARM/bin/../lib/gcc/arm-elf/4.0.2/thumb/interwork/libgcc.a(_modsi3.o)
 .debug_info    0x000001a8       0x6a /cygdrive/C/cygwin/GNUARM/bin/../lib/gcc/arm-elf/4.0.2/thumb/interwork/libgcc.a(_dvmd_tls.o)
 .debug_info    0x00000212       0x69 /cygdrive/C/cygwin/GNUARM/bin/../lib/gcc/arm-elf/4.0.2/thumb/interwork/libgcc.a(_addsubdf3.o)
 .debug_info    0x0000027b       0x69 /cygdrive/C/cygwin/GNUARM/bin/../lib/gcc/arm-elf/4.0.2/thumb/interwork/libgcc.a(_muldivdf3.o)
 .debug_info    0x000002e4       0x69 /cygdrive/C/cygwin/GNUARM/bin/../lib/gcc/arm-elf/4.0.2/thumb/interwork/libgcc.a(_cmpdf2.o)
 .debug_info    0x0000034d       0x69 /cygdrive/C/cygwin/GNUARM/bin/../lib/gcc/arm-elf/4.0.2/thumb/interwork/libgcc.a(_truncdfsf2.o)
 .debug_info    0x000003b6       0x69 /cygdrive/C/cygwin/GNUARM/bin/../lib/gcc/arm-elf/4.0.2/thumb/interwork/libgcc.a(_addsubsf3.o)
 .debug_info    0x0000041f       0x69 /cygdrive/C/cygwin/GNUARM/bin/../lib/gcc/arm-elf/4.0.2/thumb/interwork/libgcc.a(_muldivsf3.o)
 .debug_info    0x00000488       0x69 /cygdrive/C/cygwin/GNUARM/bin/../lib/gcc/arm-elf/4.0.2/thumb/interwork/libgcc.a(_cmpsf2.o)
 .debug_info    0x000004f1       0x69 /cygdrive/C/cygwin/GNUARM/bin/../lib/gcc/arm-elf/4.0.2/thumb/interwork/libgcc.a(_fixsfsi.o)
 .debug_info    0x0000055a       0x69 /cygdrive/C/cygwin/GNUARM/bin/../lib/gcc/arm-elf/4.0.2/thumb/interwork/libgcc.a(_fixunssfsi.o)
 .debug_info    0x000005c3      0x20e /cygdrive/C/cygwin/GNUARM/bin/../lib/gcc/arm-elf/4.0.2/thumb/interwork/libgcc.a(_muldi3.o)
 .debug_info    0x000007d1      0x758 /cygdrive/C/cygwin/GNUARM/bin/../lib/gcc/arm-elf/4.0.2/thumb/interwork/libgcc.a(_divdi3.o)
 .debug_info    0x00000f29       0xc9 /cygdrive/C/cygwin/GNUARM/bin/../lib/gcc/arm-elf/4.0.2/thumb/interwork/libgcc.a(_clz.o)
 .debug_info    0x00000ff2       0x99 /cygdrive/C/cygwin/GNUARM/bin/../lib/gcc/arm-elf/4.0.2/../../../../arm-elf/lib/thumb/interwork/libc.a(abs.o)
 .debug_info    0x0000108b      0x10d /cygdrive/C/cygwin/GNUARM/bin/../lib/gcc/arm-elf/4.0.2/../../../../arm-elf/lib/thumb/interwork/libc.a(memcpy.o)
 .debug_info    0x00001198      0x111 /cygdrive/C/cygwin/GNUARM/bin/../lib/gcc/arm-elf/4.0.2/../../../../arm-elf/lib/thumb/interwork/libc.a(memset.o)
 .debug_info    0x000012a9       0xd9 /cygdrive/C/cygwin/GNUARM/bin/../lib/gcc/arm-elf/4.0.2/../../../../arm-elf/lib/thumb/interwork/libc.a(strcmp.o)
 .debug_info    0x00001382      0x10c /cygdrive/C/cygwin/GNUARM/bin/../lib/gcc/arm-elf/4.0.2/../../../../arm-elf/lib/thumb/interwork/libc.a(strcpy.o)
 .debug_info    0x0000148e       0xd5 /cygdrive/C/cygwin/GNUARM/bin/../lib/gcc/arm-elf/4.0.2/../../../../arm-elf/lib/thumb/interwork/libc.a(strlen.o)
 .debug_info    0x00001563      0x126 /cygdrive/C/cygwin/GNUARM/bin/../lib/gcc/arm-elf/4.0.2/../../../../arm-elf/lib/thumb/interwork/libc.a(strncpy.o)

.debug_abbrev   0x00000000      0x765
 .debug_abbrev  0x00000000       0x14 /cygdrive/C/cygwin/GNUARM/bin/../lib/gcc/arm-elf/4.0.2/thumb/interwork/libgcc.a(_udivsi3.o)
 .debug_abbrev  0x00000014       0x14 /cygdrive/C/cygwin/GNUARM/bin/../lib/gcc/arm-elf/4.0.2/thumb/interwork/libgcc.a(_divsi3.o)
 .debug_abbrev  0x00000028       0x14 /cygdrive/C/cygwin/GNUARM/bin/../lib/gcc/arm-elf/4.0.2/thumb/interwork/libgcc.a(_umodsi3.o)
 .debug_abbrev  0x0000003c       0x14 /cygdrive/C/cygwin/GNUARM/bin/../lib/gcc/arm-elf/4.0.2/thumb/interwork/libgcc.a(_modsi3.o)
 .debug_abbrev  0x00000050       0x14 /cygdrive/C/cygwin/GNUARM/bin/../lib/gcc/arm-elf/4.0.2/thumb/interwork/libgcc.a(_dvmd_tls.o)
 .debug_abbrev  0x00000064       0x14 /cygdrive/C/cygwin/GNUARM/bin/../lib/gcc/arm-elf/4.0.2/thumb/interwork/libgcc.a(_addsubdf3.o)
 .debug_abbrev  0x00000078       0x14 /cygdrive/C/cygwin/GNUARM/bin/../lib/gcc/arm-elf/4.0.2/thumb/interwork/libgcc.a(_muldivdf3.o)
 .debug_abbrev  0x0000008c       0x14 /cygdrive/C/cygwin/GNUARM/bin/../lib/gcc/arm-elf/4.0.2/thumb/interwork/libgcc.a(_cmpdf2.o)
 .debug_abbrev  0x000000a0       0x14 /cygdrive/C/cygwin/GNUARM/bin/../lib/gcc/arm-elf/4.0.2/thumb/interwork/libgcc.a(_truncdfsf2.o)
 .debug_abbrev  0x000000b4       0x14 /cygdrive/C/cygwin/GNUARM/bin/../lib/gcc/arm-elf/4.0.2/thumb/interwork/libgcc.a(_addsubsf3.o)
 .debug_abbrev  0x000000c8       0x14 /cygdrive/C/cygwin/GNUARM/bin/../lib/gcc/arm-elf/4.0.2/thumb/interwork/libgcc.a(_muldivsf3.o)
 .debug_abbrev  0x000000dc       0x14 /cygdrive/C/cygwin/GNUARM/bin/../lib/gcc/arm-elf/4.0.2/thumb/interwork/libgcc.a(_cmpsf2.o)
 .debug_abbrev  0x000000f0       0x14 /cygdrive/C/cygwin/GNUARM/bin/../lib/gcc/arm-elf/4.0.2/thumb/interwork/libgcc.a(_fixsfsi.o)
 .debug_abbrev  0x00000104       0x14 /cygdrive/C/cygwin/GNUARM/bin/../lib/gcc/arm-elf/4.0.2/thumb/interwork/libgcc.a(_fixunssfsi.o)
 .debug_abbrev  0x00000118       0xec /cygdrive/C/cygwin/GNUARM/bin/../lib/gcc/arm-elf/4.0.2/thumb/interwork/libgcc.a(_muldi3.o)
 .debug_abbrev  0x00000204      0x174 /cygdrive/C/cygwin/GNUARM/bin/../lib/gcc/arm-elf/4.0.2/thumb/interwork/libgcc.a(_divdi3.o)
 .debug_abbrev  0x00000378       0x61 /cygdrive/C/cygwin/GNUARM/bin/../lib/gcc/arm-elf/4.0.2/thumb/interwork/libgcc.a(_clz.o)
 .debug_abbrev  0x000003d9       0x50 /cygdrive/C/cygwin/GNUARM/bin/../lib/gcc/arm-elf/4.0.2/../../../../arm-elf/lib/thumb/interwork/libc.a(abs.o)
 .debug_abbrev  0x00000429       0x99 /cygdrive/C/cygwin/GNUARM/bin/../lib/gcc/arm-elf/4.0.2/../../../../arm-elf/lib/thumb/interwork/libc.a(memcpy.o)
 .debug_abbrev  0x000004c2       0x9a /cygdrive/C/cygwin/GNUARM/bin/../lib/gcc/arm-elf/4.0.2/../../../../arm-elf/lib/thumb/interwork/libc.a(memset.o)
 .debug_abbrev  0x0000055c       0x71 /cygdrive/C/cygwin/GNUARM/bin/../lib/gcc/arm-elf/4.0.2/../../../../arm-elf/lib/thumb/interwork/libc.a(strcmp.o)
 .debug_abbrev  0x000005cd       0x80 /cygdrive/C/cygwin/GNUARM/bin/../lib/gcc/arm-elf/4.0.2/../../../../arm-elf/lib/thumb/interwork/libc.a(strcpy.o)
 .debug_abbrev  0x0000064d       0x8b /cygdrive/C/cygwin/GNUARM/bin/../lib/gcc/arm-elf/4.0.2/../../../../arm-elf/lib/thumb/interwork/libc.a(strlen.o)
 .debug_abbrev  0x000006d8       0x8d /cygdrive/C/cygwin/GNUARM/bin/../lib/gcc/arm-elf/4.0.2/../../../../arm-elf/lib/thumb/interwork/libc.a(strncpy.o)

.debug_aranges  0x00000000      0x2e0
 .debug_aranges
                0x00000000       0x20 /cygdrive/C/cygwin/GNUARM/bin/../lib/gcc/arm-elf/4.0.2/thumb/interwork/libgcc.a(_udivsi3.o)
 .debug_aranges
                0x00000020       0x20 /cygdrive/C/cygwin/GNUARM/bin/../lib/gcc/arm-elf/4.0.2/thumb/interwork/libgcc.a(_divsi3.o)
 .debug_aranges
                0x00000040       0x20 /cygdrive/C/cygwin/GNUARM/bin/../lib/gcc/arm-elf/4.0.2/thumb/interwork/libgcc.a(_umodsi3.o)
 .debug_aranges
                0x00000060       0x20 /cygdrive/C/cygwin/GNUARM/bin/../lib/gcc/arm-elf/4.0.2/thumb/interwork/libgcc.a(_modsi3.o)
 .debug_aranges
                0x00000080       0x20 /cygdrive/C/cygwin/GNUARM/bin/../lib/gcc/arm-elf/4.0.2/thumb/interwork/libgcc.a(_dvmd_tls.o)
 .debug_aranges
                0x000000a0       0x20 /cygdrive/C/cygwin/GNUARM/bin/../lib/gcc/arm-elf/4.0.2/thumb/interwork/libgcc.a(_addsubdf3.o)
 .debug_aranges
                0x000000c0       0x20 /cygdrive/C/cygwin/GNUARM/bin/../lib/gcc/arm-elf/4.0.2/thumb/interwork/libgcc.a(_muldivdf3.o)
 .debug_aranges
                0x000000e0       0x20 /cygdrive/C/cygwin/GNUARM/bin/../lib/gcc/arm-elf/4.0.2/thumb/interwork/libgcc.a(_cmpdf2.o)
 .debug_aranges
                0x00000100       0x20 /cygdrive/C/cygwin/GNUARM/bin/../lib/gcc/arm-elf/4.0.2/thumb/interwork/libgcc.a(_truncdfsf2.o)
 .debug_aranges
                0x00000120       0x20 /cygdrive/C/cygwin/GNUARM/bin/../lib/gcc/arm-elf/4.0.2/thumb/interwork/libgcc.a(_addsubsf3.o)
 .debug_aranges
                0x00000140       0x20 /cygdrive/C/cygwin/GNUARM/bin/../lib/gcc/arm-elf/4.0.2/thumb/interwork/libgcc.a(_muldivsf3.o)
 .debug_aranges
                0x00000160       0x20 /cygdrive/C/cygwin/GNUARM/bin/../lib/gcc/arm-elf/4.0.2/thumb/interwork/libgcc.a(_cmpsf2.o)
 .debug_aranges
                0x00000180       0x20 /cygdrive/C/cygwin/GNUARM/bin/../lib/gcc/arm-elf/4.0.2/thumb/interwork/libgcc.a(_fixsfsi.o)
 .debug_aranges
                0x000001a0       0x20 /cygdrive/C/cygwin/GNUARM/bin/../lib/gcc/arm-elf/4.0.2/thumb/interwork/libgcc.a(_fixunssfsi.o)
 .debug_aranges
                0x000001c0       0x20 /cygdrive/C/cygwin/GNUARM/bin/../lib/gcc/arm-elf/4.0.2/thumb/interwork/libgcc.a(_muldi3.o)
 .debug_aranges
                0x000001e0       0x20 /cygdrive/C/cygwin/GNUARM/bin/../lib/gcc/arm-elf/4.0.2/thumb/interwork/libgcc.a(_divdi3.o)
 .debug_aranges
                0x00000200       0x20 /cygdrive/C/cygwin/GNUARM/bin/../lib/gcc/arm-elf/4.0.2/../../../../arm-elf/lib/thumb/interwork/libc.a(abs.o)
 .debug_aranges
                0x00000220       0x20 /cygdrive/C/cygwin/GNUARM/bin/../lib/gcc/arm-elf/4.0.2/../../../../arm-elf/lib/thumb/interwork/libc.a(memcpy.o)
 .debug_aranges
                0x00000240       0x20 /cygdrive/C/cygwin/GNUARM/bin/../lib/gcc/arm-elf/4.0.2/../../../../arm-elf/lib/thumb/interwork/libc.a(memset.o)
 .debug_aranges
                0x00000260       0x20 /cygdrive/C/cygwin/GNUARM/bin/../lib/gcc/arm-elf/4.0.2/../../../../arm-elf/lib/thumb/interwork/libc.a(strcmp.o)
 .debug_aranges
                0x00000280       0x20 /cygdrive/C/cygwin/GNUARM/bin/../lib/gcc/arm-elf/4.0.2/../../../../arm-elf/lib/thumb/interwork/libc.a(strcpy.o)
 .debug_aranges
                0x000002a0       0x20 /cygdrive/C/cygwin/GNUARM/bin/../lib/gcc/arm-elf/4.0.2/../../../../arm-elf/lib/thumb/interwork/libc.a(strlen.o)
 .debug_aranges
                0x000002c0       0x20 /cygdrive/C/cygwin/GNUARM/bin/../lib/gcc/arm-elf/4.0.2/../../../../arm-elf/lib/thumb/interwork/libc.a(strncpy.o)

.debug_frame    0x00000000      0x1a0
 .debug_frame   0x00000000       0x38 /cygdrive/C/cygwin/GNUARM/bin/../lib/gcc/arm-elf/4.0.2/thumb/interwork/libgcc.a(_muldi3.o)
 .debug_frame   0x00000038       0x3c /cygdrive/C/cygwin/GNUARM/bin/../lib/gcc/arm-elf/4.0.2/thumb/interwork/libgcc.a(_divdi3.o)
 .debug_frame   0x00000074       0x20 /cygdrive/C/cygwin/GNUARM/bin/../lib/gcc/arm-elf/4.0.2/../../../../arm-elf/lib/thumb/interwork/libc.a(abs.o)
 .debug_frame   0x00000094       0x2c /cygdrive/C/cygwin/GNUARM/bin/../lib/gcc/arm-elf/4.0.2/../../../../arm-elf/lib/thumb/interwork/libc.a(memcpy.o)
 .debug_frame   0x000000c0       0x2c /cygdrive/C/cygwin/GNUARM/bin/../lib/gcc/arm-elf/4.0.2/../../../../arm-elf/lib/thumb/interwork/libc.a(memset.o)
 .debug_frame   0x000000ec       0x2c /cygdrive/C/cygwin/GNUARM/bin/../lib/gcc/arm-elf/4.0.2/../../../../arm-elf/lib/thumb/interwork/libc.a(strcmp.o)
 .debug_frame   0x00000118       0x2c /cygdrive/C/cygwin/GNUARM/bin/../lib/gcc/arm-elf/4.0.2/../../../../arm-elf/lib/thumb/interwork/libc.a(strcpy.o)
 .debug_frame   0x00000144       0x2c /cygdrive/C/cygwin/GNUARM/bin/../lib/gcc/arm-elf/4.0.2/../../../../arm-elf/lib/thumb/interwork/libc.a(strlen.o)
 .debug_frame   0x00000170       0x30 /cygdrive/C/cygwin/GNUARM/bin/../lib/gcc/arm-elf/4.0.2/../../../../arm-elf/lib/thumb/interwork/libc.a(strncpy.o)

.debug_loc      0x00000000     0x13de
 .debug_loc     0x00000000      0x156 /cygdrive/C/cygwin/GNUARM/bin/../lib/gcc/arm-elf/4.0.2/thumb/interwork/libgcc.a(_muldi3.o)
 .debug_loc     0x00000156      0xd45 /cygdrive/C/cygwin/GNUARM/bin/../lib/gcc/arm-elf/4.0.2/thumb/interwork/libgcc.a(_divdi3.o)
 .debug_loc     0x00000e9b       0x1e /cygdrive/C/cygwin/GNUARM/bin/../lib/gcc/arm-elf/4.0.2/../../../../arm-elf/lib/thumb/interwork/libc.a(abs.o)
 .debug_loc     0x00000eb9      0x127 /cygdrive/C/cygwin/GNUARM/bin/../lib/gcc/arm-elf/4.0.2/../../../../arm-elf/lib/thumb/interwork/libc.a(memcpy.o)
 .debug_loc     0x00000fe0      0x12a /cygdrive/C/cygwin/GNUARM/bin/../lib/gcc/arm-elf/4.0.2/../../../../arm-elf/lib/thumb/interwork/libc.a(memset.o)
 .debug_loc     0x0000110a       0x8e /cygdrive/C/cygwin/GNUARM/bin/../lib/gcc/arm-elf/4.0.2/../../../../arm-elf/lib/thumb/interwork/libc.a(strcmp.o)
 .debug_loc     0x00001198       0xb4 /cygdrive/C/cygwin/GNUARM/bin/../lib/gcc/arm-elf/4.0.2/../../../../arm-elf/lib/thumb/interwork/libc.a(strcpy.o)
 .debug_loc     0x0000124c       0x3c /cygdrive/C/cygwin/GNUARM/bin/../lib/gcc/arm-elf/4.0.2/../../../../arm-elf/lib/thumb/interwork/libc.a(strlen.o)
 .debug_loc     0x00001288      0x156 /cygdrive/C/cygwin/GNUARM/bin/../lib/gcc/arm-elf/4.0.2/../../../../arm-elf/lib/thumb/interwork/libc.a(strncpy.o)

.debug_pubnames
                0x00000000      0x127
 .debug_pubnames
                0x00000000       0x1f /cygdrive/C/cygwin/GNUARM/bin/../lib/gcc/arm-elf/4.0.2/thumb/interwork/libgcc.a(_muldi3.o)
 .debug_pubnames
                0x0000001f       0x1f /cygdrive/C/cygwin/GNUARM/bin/../lib/gcc/arm-elf/4.0.2/thumb/interwork/libgcc.a(_divdi3.o)
 .debug_pubnames
                0x0000003e       0x20 /cygdrive/C/cygwin/GNUARM/bin/../lib/gcc/arm-elf/4.0.2/thumb/interwork/libgcc.a(_clz.o)
 .debug_pubnames
                0x0000005e       0x1a /cygdrive/C/cygwin/GNUARM/bin/../lib/gcc/arm-elf/4.0.2/../../../../arm-elf/lib/thumb/interwork/libc.a(abs.o)
 .debug_pubnames
                0x00000078       0x1d /cygdrive/C/cygwin/GNUARM/bin/../lib/gcc/arm-elf/4.0.2/../../../../arm-elf/lib/thumb/interwork/libc.a(memcpy.o)
 .debug_pubnames
                0x00000095       0x1d /cygdrive/C/cygwin/GNUARM/bin/../lib/gcc/arm-elf/4.0.2/../../../../arm-elf/lib/thumb/interwork/libc.a(memset.o)
 .debug_pubnames
                0x000000b2       0x1d /cygdrive/C/cygwin/GNUARM/bin/../lib/gcc/arm-elf/4.0.2/../../../../arm-elf/lib/thumb/interwork/libc.a(strcmp.o)
 .debug_pubnames
                0x000000cf       0x1d /cygdrive/C/cygwin/GNUARM/bin/../lib/gcc/arm-elf/4.0.2/../../../../arm-elf/lib/thumb/interwork/libc.a(strcpy.o)
 .debug_pubnames
                0x000000ec       0x1d /cygdrive/C/cygwin/GNUARM/bin/../lib/gcc/arm-elf/4.0.2/../../../../arm-elf/lib/thumb/interwork/libc.a(strlen.o)
 .debug_pubnames
                0x00000109       0x1e /cygdrive/C/cygwin/GNUARM/bin/../lib/gcc/arm-elf/4.0.2/../../../../arm-elf/lib/thumb/interwork/libc.a(strncpy.o)

.debug_ranges   0x00000000      0x1d8
 .debug_ranges  0x00000000       0x30 /cygdrive/C/cygwin/GNUARM/bin/../lib/gcc/arm-elf/4.0.2/thumb/interwork/libgcc.a(_muldi3.o)
 .debug_ranges  0x00000030      0x1a8 /cygdrive/C/cygwin/GNUARM/bin/../lib/gcc/arm-elf/4.0.2/thumb/interwork/libgcc.a(_divdi3.o)

.debug_str      0x00000000      0x406
 .debug_str     0x00000000       0xfb /cygdrive/C/cygwin/GNUARM/bin/../lib/gcc/arm-elf/4.0.2/thumb/interwork/libgcc.a(_muldi3.o)
                                0x14f (size before relaxing)
 .debug_str     0x000000fb       0x5d /cygdrive/C/cygwin/GNUARM/bin/../lib/gcc/arm-elf/4.0.2/thumb/interwork/libgcc.a(_divdi3.o)
                                0x1a3 (size before relaxing)
 .debug_str     0x00000158        0x0 /cygdrive/C/cygwin/GNUARM/bin/../lib/gcc/arm-elf/4.0.2/thumb/interwork/libgcc.a(_clz.o)
                                0x104 (size before relaxing)
 .debug_str     0x00000158       0x7b /cygdrive/C/cygwin/GNUARM/bin/../lib/gcc/arm-elf/4.0.2/../../../../arm-elf/lib/thumb/interwork/libc.a(abs.o)
                                0x104 (size before relaxing)
 .debug_str     0x000001d3       0xb3 /cygdrive/C/cygwin/GNUARM/bin/../lib/gcc/arm-elf/4.0.2/../../../../arm-elf/lib/thumb/interwork/libc.a(memcpy.o)
                                 0xdf (size before relaxing)
 .debug_str     0x00000286       0x5a /cygdrive/C/cygwin/GNUARM/bin/../lib/gcc/arm-elf/4.0.2/../../../../arm-elf/lib/thumb/interwork/libc.a(memset.o)
                                0x129 (size before relaxing)
 .debug_str     0x000002e0       0x46 /cygdrive/C/cygwin/GNUARM/bin/../lib/gcc/arm-elf/4.0.2/../../../../arm-elf/lib/thumb/interwork/libc.a(strcmp.o)
                                0x10e (size before relaxing)
 .debug_str     0x00000326       0x46 /cygdrive/C/cygwin/GNUARM/bin/../lib/gcc/arm-elf/4.0.2/../../../../arm-elf/lib/thumb/interwork/libc.a(strcpy.o)
                                0x130 (size before relaxing)
 .debug_str     0x0000036c       0x4c /cygdrive/C/cygwin/GNUARM/bin/../lib/gcc/arm-elf/4.0.2/../../../../arm-elf/lib/thumb/interwork/libc.a(strlen.o)
                                0x128 (size before relaxing)
 .debug_str     0x000003b8       0x4e /cygdrive/C/cygwin/GNUARM/bin/../lib/gcc/arm-elf/4.0.2/../../../../arm-elf/lib/thumb/interwork/libc.a(strncpy.o)
                                0x13f (size before relaxing)

Cross Reference Table

Symbol                                            File
A_D                                               build/balancer_param.o
                                                  ../nxtOSEK/ecrobot/../ecrobot/libnxtway_gs_balancer.a(balancer.o)
A_R                                               build/balancer_param.o
                                                  ../nxtOSEK/ecrobot/../ecrobot/libnxtway_gs_balancer.a(balancer.o)
ActivateTask                                      build/kernel/task_manage.o
BATTERY_GAIN                                      build/balancer_param.o
                                                  ../nxtOSEK/ecrobot/../ecrobot/libnxtway_gs_balancer.a(balancer.o)
BATTERY_OFFSET                                    build/balancer_param.o
                                                  ../nxtOSEK/ecrobot/../ecrobot/libnxtway_gs_balancer.a(balancer.o)
BalanceRunner_init                                build/BalanceRunner.o
                                                  build/model_impl.o
BalanceRunner_run                                 build/BalanceRunner.o
                                                  build/StepsIKB.o
                                                  build/Steps.o